warning: PrimeNumberTheoremAnd: repository '/home/stackcanary/riemann-hypothesis-research/.lake/packages/OAI/lean/.lake/packages/PrimeNumberTheoremAnd' has local changes
warning: belyi: repository '/home/stackcanary/riemann-hypothesis-research/.lake/packages/OAI/lean/.lake/packages/belyi' has local changes
warning: formal-schemes: repository '/home/stackcanary/riemann-hypothesis-research/.lake/packages/OAI/lean/.lake/packages/formal-schemes' has local changes
warning: elliptic-curves: repository '/home/stackcanary/riemann-hypothesis-research/.lake/packages/OAI/lean/.lake/packages/elliptic-curves' has local changes
warning: tempered-fundamental-groups: repository '/home/stackcanary/riemann-hypothesis-research/.lake/packages/OAI/lean/.lake/packages/tempered-fundamental-groups' has local changes
warning: oka: repository '/home/stackcanary/riemann-hypothesis-research/.lake/packages/OAI/lean/.lake/packages/oka' has local changes
warning: orbicurve-cores: repository '/home/stackcanary/riemann-hypothesis-research/.lake/packages/OAI/lean/.lake/packages/orbicurve-cores' has local changes
warning: pi1: repository '/home/stackcanary/riemann-hypothesis-research/.lake/packages/OAI/lean/.lake/packages/pi1' has local changes
warning: heights: repository '/home/stackcanary/riemann-hypothesis-research/.lake/packages/OAI/lean/.lake/packages/heights' has local changes
warning: genl: repository '/home/stackcanary/riemann-hypothesis-research/.lake/packages/OAI/lean/.lake/packages/genl' has local changes
warning: tate-curves-theta: repository '/home/stackcanary/riemann-hypothesis-research/.lake/packages/OAI/lean/.lake/packages/tate-curves-theta' has local changes
warning: iut: repository '/home/stackcanary/riemann-hypothesis-research/.lake/packages/OAI/lean/.lake/packages/iut' has local changes
warning: gromov: repository '/home/stackcanary/riemann-hypothesis-research/.lake/packages/OAI/lean/.lake/packages/gromov' has local changes
warning: SphereEversion: repository '/home/stackcanary/riemann-hypothesis-research/.lake/packages/OAI/lean/.lake/packages/SphereEversion' has local changes
warning: schoenflies-lean: repository '/home/stackcanary/riemann-hypothesis-research/.lake/packages/OAI/lean/.lake/packages/schoenflies-lean' has local changes
warning: ClassFieldTheory: repository '/home/stackcanary/riemann-hypothesis-research/.lake/packages/OAI/lean/.lake/packages/ClassFieldTheory' has local changes
warning: AINTLIB: repository '/home/stackcanary/riemann-hypothesis-research/.lake/packages/OAI/lean/.lake/packages/AINTLIB' has local changes
warning: AbsorptionCutoff: repository '/home/stackcanary/riemann-hypothesis-research/.lake/packages/OAI/lean/.lake/packages/AbsorptionCutoff' has local changes
warning: StrongPNT: repository '/home/stackcanary/riemann-hypothesis-research/.lake/packages/OAI/lean/.lake/packages/StrongPNT' has local changes
warning: carleson: repository '/home/stackcanary/riemann-hypothesis-research/.lake/packages/OAI/lean/.lake/packages/carleson' has local changes
warning: rellich-kondrachov: repository '/home/stackcanary/riemann-hypothesis-research/.lake/packages/OAI/lean/.lake/packages/rellich-kondrachov' has local changes
warning: Zeta3Irrational: repository '/home/stackcanary/riemann-hypothesis-research/.lake/packages/OAI/lean/.lake/packages/Zeta3Irrational' has local changes
warning: fixed-point-theorems: repository '/home/stackcanary/riemann-hypothesis-research/.lake/packages/OAI/lean/.lake/packages/fixed-point-theorems' has local changes
'OAI.riemannZeta_ne_zero_of_seven_eighths_lt_re' depends on axioms: [propext, Classical.choice, Quot.sound]
'HigherCorrelations.zeta_ne_zero_right' depends on axioms: [propext, Classical.choice, Quot.sound]
'HigherCorrelations.reflected_zero' depends on axioms: [propext, Classical.choice, Quot.sound]
'HigherCorrelations.zero_re_le_seven_eighths' depends on axioms: [propext, Classical.choice, Quot.sound]
'HigherCorrelations.zero_horizontal_strip' depends on axioms: [propext, Classical.choice, Quot.sound]
'HigherCorrelations.zero_horizontal_displacement' depends on axioms: [propext, Classical.choice, Quot.sound]
'HigherCorrelations.indexed_zero_horizontal_strip' depends on axioms: [propext, Classical.choice, Quot.sound]
'HigherCorrelations.classifyTriple_iff' depends on axioms: [propext, Classical.choice, Quot.sound]
'HigherCorrelations.pattern_unique' depends on axioms: [propext, Classical.choice, Quot.sound]
'HigherCorrelations.pattern_disjoint' depends on axioms: [propext, Classical.choice, Quot.sound]
'HigherCorrelations.sum_regroup_fibers' depends on axioms: [propext, Classical.choice, Quot.sound]
'HigherCorrelations.sum_regroup_multiplicity' depends on axioms: [propext, Classical.choice, Quot.sound]
'HigherCorrelations.sum_triple_patterns' depends on axioms: [propext, Classical.choice, Quot.sound]
'HigherCorrelations.reflectSlots_involutive' depends on axioms: [Quot.sound]
'HigherCorrelations.reflectSlots_bijective' depends on axioms: [Quot.sound]
'HigherCorrelations.reflectSlots_labels' depends on axioms: [propext, Quot.sound]
'HigherCorrelations.reflectSlots_domain' depends on axioms: [propext, Classical.choice, Quot.sound]
'HigherCorrelations.reflectSlots_pattern' depends on axioms: [propext, Quot.sound]
'HigherCorrelations.sum_involution' depends on axioms: [propext, Classical.choice, Quot.sound]
'HigherCorrelations.sum_reflectSlots' depends on axioms: [propext, Classical.choice, Quot.sound]
'HigherCorrelations.sum_reflectSlots_pattern' depends on axioms: [propext, Classical.choice, Quot.sound]
'HigherCorrelations.sum_eight_reflections' depends on axioms: [propext, Classical.choice, Quot.sound]
'HigherCorrelations.sum_eight_reflections_pattern' depends on axioms: [propext, Classical.choice, Quot.sound]
'HigherCorrelations.simultaneous_index_pattern' depends on axioms: [propext]
'HigherCorrelations.independent_index_counterexample' depends on axioms: [propext]
'HigherCorrelations.sign_product_expansion' depends on axioms: [propext, Classical.choice, Quot.sound]
'HigherCorrelations.weighted_sign_product' depends on axioms: [propext, Classical.choice, Quot.sound]
'HigherCorrelations.weighted_sign_sub_one' depends on axioms: [propext, Classical.choice, Quot.sound]
'HigherCorrelations.weighted_sign_empty_split' depends on axioms: [propext, Classical.choice, Quot.sound]
'HigherCorrelations.horizontalReflection_involutive' depends on axioms: [propext, Classical.choice, Quot.sound]
'HigherCorrelations.horizontalReflection_im' depends on axioms: [propext, Classical.choice, Quot.sound]
'HigherCorrelations.horizontalReflection_displacement' depends on axioms: [propext, Classical.choice, Quot.sound]
'HigherCorrelations.horizontalReflection_zero' depends on axioms: [propext, Classical.choice, Quot.sound]
'HigherCorrelations.example_five_patterns' depends on axioms: [propext]
'HigherCorrelations.example_empty_domain' depends on axioms: [propext, Classical.choice, Quot.sound]
'HigherCorrelations.example_singleton_domain' depends on axioms: [propext, Classical.choice, Quot.sound]
'HigherCorrelations.example_different_cutoffs' depends on axioms: [propext, Classical.choice, Quot.sound]
'HigherCorrelations.example_repeated_occurrences' depends on axioms: [propext, Classical.choice, Quot.sound]
'HigherCorrelations.example_distinct_complex_same_ordinate' depends on axioms: [propext, Classical.choice, Quot.sound]
'HigherCorrelations.example_fixed_point' depends on axioms: [propext, Classical.choice, Quot.sound]
'HigherCorrelations.example_exchanged_pair' depends on axioms: [propext, Classical.choice, Quot.sound]
'HigherCorrelations.cosh_quadratic_lower' depends on axioms: [propext, Classical.choice, Quot.sound]
'HigherCorrelations.cosh_triple_quadratic_lower' depends on axioms: [propext, Classical.choice, Quot.sound]
'HigherCorrelations.horizontal_cosh_square_lower' depends on axioms: [propext, Classical.choice, Quot.sound]
'HigherCorrelations.horizontal_frequency_lower' depends on axioms: [propext, Classical.choice, Quot.sound]
'HigherCorrelations.horizontal_frequency_nonneg' depends on axioms: [propext, Classical.choice, Quot.sound]
'HigherCorrelations.horizontal_frequency_zero_iff' depends on axioms: [propext, Classical.choice, Quot.sound]
'HigherCorrelations.horizontal_square_mass_nonneg' depends on axioms: [propext, Classical.choice, Quot.sound]
'HigherCorrelations.horizontal_cube_square_sum' depends on axioms: [propext, Classical.choice, Quot.sound]
'HigherCorrelations.same_ordinate_horizontal_square_lower' depends on axioms: [propext, Classical.choice, Quot.sound]
'HigherCorrelations.same_ordinate_cosh_nonneg' depends on axioms: [propext, Classical.choice, Quot.sound]
'HigherCorrelations.weighted_ordinate_fibers_lower' depends on axioms: [propext, Classical.choice, Quot.sound]
'HigherCorrelations.square_example_mixed_signs' depends on axioms: [propext, Classical.choice, Quot.sound]
'HigherCorrelations.square_example_empty' depends on axioms: [propext, Classical.choice, Quot.sound]
'HigherCorrelations.square_example_singleton' depends on axioms: [propext, Classical.choice, Quot.sound]
'HigherCorrelations.square_example_zero_scale' depends on axioms: [propext, Classical.choice, Quot.sound]
'HigherCorrelations.square_example_frequency_origin' depends on axioms: [propext, Classical.choice, Quot.sound]
'HigherCorrelations.square_example_frequency_axes' depends on axioms: [propext, Classical.choice, Quot.sound]
'HigherCorrelations.square_example_repeated_occurrences' depends on axioms: [propext, Classical.choice, Quot.sound]
'HigherCorrelations.square_example_fiber_multiplicities' depends on axioms: [propext, Classical.choice, Quot.sound]
