warning: PrimeNumberTheoremAnd: repository '/home/stackcanary/riemann-hypothesis-research/.lake/packages/OAI/lean/.lake/packages/PrimeNumberTheoremAnd' has local changes
warning: belyi: repository '/home/stackcanary/riemann-hypothesis-research/.lake/packages/OAI/lean/.lake/packages/belyi' has local changes
warning: formal-schemes: repository '/home/stackcanary/riemann-hypothesis-research/.lake/packages/OAI/lean/.lake/packages/formal-schemes' has local changes
warning: elliptic-curves: repository '/home/stackcanary/riemann-hypothesis-research/.lake/packages/OAI/lean/.lake/packages/elliptic-curves' has local changes
warning: tempered-fundamental-groups: repository '/home/stackcanary/riemann-hypothesis-research/.lake/packages/OAI/lean/.lake/packages/tempered-fundamental-groups' has local changes
warning: oka: repository '/home/stackcanary/riemann-hypothesis-research/.lake/packages/OAI/lean/.lake/packages/oka' has local changes
warning: orbicurve-cores: repository '/home/stackcanary/riemann-hypothesis-research/.lake/packages/OAI/lean/.lake/packages/orbicurve-cores' has local changes
warning: pi1: repository '/home/stackcanary/riemann-hypothesis-research/.lake/packages/OAI/lean/.lake/packages/pi1' has local changes
warning: heights: repository '/home/stackcanary/riemann-hypothesis-research/.lake/packages/OAI/lean/.lake/packages/heights' has local changes
warning: genl: repository '/home/stackcanary/riemann-hypothesis-research/.lake/packages/OAI/lean/.lake/packages/genl' has local changes
warning: tate-curves-theta: repository '/home/stackcanary/riemann-hypothesis-research/.lake/packages/OAI/lean/.lake/packages/tate-curves-theta' has local changes
warning: iut: repository '/home/stackcanary/riemann-hypothesis-research/.lake/packages/OAI/lean/.lake/packages/iut' has local changes
warning: gromov: repository '/home/stackcanary/riemann-hypothesis-research/.lake/packages/OAI/lean/.lake/packages/gromov' has local changes
warning: SphereEversion: repository '/home/stackcanary/riemann-hypothesis-research/.lake/packages/OAI/lean/.lake/packages/SphereEversion' has local changes
warning: schoenflies-lean: repository '/home/stackcanary/riemann-hypothesis-research/.lake/packages/OAI/lean/.lake/packages/schoenflies-lean' has local changes
warning: ClassFieldTheory: repository '/home/stackcanary/riemann-hypothesis-research/.lake/packages/OAI/lean/.lake/packages/ClassFieldTheory' has local changes
warning: AINTLIB: repository '/home/stackcanary/riemann-hypothesis-research/.lake/packages/OAI/lean/.lake/packages/AINTLIB' has local changes
warning: AbsorptionCutoff: repository '/home/stackcanary/riemann-hypothesis-research/.lake/packages/OAI/lean/.lake/packages/AbsorptionCutoff' has local changes
warning: StrongPNT: repository '/home/stackcanary/riemann-hypothesis-research/.lake/packages/OAI/lean/.lake/packages/StrongPNT' has local changes
warning: carleson: repository '/home/stackcanary/riemann-hypothesis-research/.lake/packages/OAI/lean/.lake/packages/carleson' has local changes
warning: rellich-kondrachov: repository '/home/stackcanary/riemann-hypothesis-research/.lake/packages/OAI/lean/.lake/packages/rellich-kondrachov' has local changes
warning: Zeta3Irrational: repository '/home/stackcanary/riemann-hypothesis-research/.lake/packages/OAI/lean/.lake/packages/Zeta3Irrational' has local changes
warning: fixed-point-theorems: repository '/home/stackcanary/riemann-hypothesis-research/.lake/packages/OAI/lean/.lake/packages/fixed-point-theorems' has local changes
✔ [8924/8929] Built HigherCorrelations.FiniteDefinitions (3.5s)
✔ [8925/8929] Built HigherCorrelations.HorizontalSquareDefinitions (3.3s)
✔ [8926/8929] Built HigherCorrelations.FinitePatterns (3.7s)
✔ [8927/8929] Built HigherCorrelations.HorizontalSquare (3.0s)
✔ [8928/8929] Built HigherCorrelations.HorizontalSquareExamples (3.6s)
✔ [8929/8929] Built HigherCorrelations.HorizontalSquareFoundation (3.1s)
Build completed successfully (8929 jobs).
