warning: PrimeNumberTheoremAnd: repository '/home/stackcanary/riemann-hypothesis-research/.lake/packages/OAI/lean/.lake/packages/PrimeNumberTheoremAnd' has local changes
warning: belyi: repository '/home/stackcanary/riemann-hypothesis-research/.lake/packages/OAI/lean/.lake/packages/belyi' has local changes
warning: formal-schemes: repository '/home/stackcanary/riemann-hypothesis-research/.lake/packages/OAI/lean/.lake/packages/formal-schemes' has local changes
warning: elliptic-curves: repository '/home/stackcanary/riemann-hypothesis-research/.lake/packages/OAI/lean/.lake/packages/elliptic-curves' has local changes
warning: tempered-fundamental-groups: repository '/home/stackcanary/riemann-hypothesis-research/.lake/packages/OAI/lean/.lake/packages/tempered-fundamental-groups' has local changes
warning: oka: repository '/home/stackcanary/riemann-hypothesis-research/.lake/packages/OAI/lean/.lake/packages/oka' has local changes
warning: orbicurve-cores: repository '/home/stackcanary/riemann-hypothesis-research/.lake/packages/OAI/lean/.lake/packages/orbicurve-cores' has local changes
warning: pi1: repository '/home/stackcanary/riemann-hypothesis-research/.lake/packages/OAI/lean/.lake/packages/pi1' has local changes
warning: heights: repository '/home/stackcanary/riemann-hypothesis-research/.lake/packages/OAI/lean/.lake/packages/heights' has local changes
warning: genl: repository '/home/stackcanary/riemann-hypothesis-research/.lake/packages/OAI/lean/.lake/packages/genl' has local changes
warning: tate-curves-theta: repository '/home/stackcanary/riemann-hypothesis-research/.lake/packages/OAI/lean/.lake/packages/tate-curves-theta' has local changes
warning: iut: repository '/home/stackcanary/riemann-hypothesis-research/.lake/packages/OAI/lean/.lake/packages/iut' has local changes
warning: gromov: repository '/home/stackcanary/riemann-hypothesis-research/.lake/packages/OAI/lean/.lake/packages/gromov' has local changes
warning: SphereEversion: repository '/home/stackcanary/riemann-hypothesis-research/.lake/packages/OAI/lean/.lake/packages/SphereEversion' has local changes
warning: schoenflies-lean: repository '/home/stackcanary/riemann-hypothesis-research/.lake/packages/OAI/lean/.lake/packages/schoenflies-lean' has local changes
warning: ClassFieldTheory: repository '/home/stackcanary/riemann-hypothesis-research/.lake/packages/OAI/lean/.lake/packages/ClassFieldTheory' has local changes
warning: AINTLIB: repository '/home/stackcanary/riemann-hypothesis-research/.lake/packages/OAI/lean/.lake/packages/AINTLIB' has local changes
warning: AbsorptionCutoff: repository '/home/stackcanary/riemann-hypothesis-research/.lake/packages/OAI/lean/.lake/packages/AbsorptionCutoff' has local changes
warning: StrongPNT: repository '/home/stackcanary/riemann-hypothesis-research/.lake/packages/OAI/lean/.lake/packages/StrongPNT' has local changes
warning: carleson: repository '/home/stackcanary/riemann-hypothesis-research/.lake/packages/OAI/lean/.lake/packages/carleson' has local changes
warning: rellich-kondrachov: repository '/home/stackcanary/riemann-hypothesis-research/.lake/packages/OAI/lean/.lake/packages/rellich-kondrachov' has local changes
warning: Zeta3Irrational: repository '/home/stackcanary/riemann-hypothesis-research/.lake/packages/OAI/lean/.lake/packages/Zeta3Irrational' has local changes
warning: fixed-point-theorems: repository '/home/stackcanary/riemann-hypothesis-research/.lake/packages/OAI/lean/.lake/packages/fixed-point-theorems' has local changes
Building VerificationChallenges.ActualOccurrences
warning: PrimeNumberTheoremAnd: repository '/home/stackcanary/riemann-hypothesis-research/.lake/packages/OAI/lean/.lake/packages/PrimeNumberTheoremAnd' has local changes
warning: belyi: repository '/home/stackcanary/riemann-hypothesis-research/.lake/packages/OAI/lean/.lake/packages/belyi' has local changes
warning: formal-schemes: repository '/home/stackcanary/riemann-hypothesis-research/.lake/packages/OAI/lean/.lake/packages/formal-schemes' has local changes
warning: elliptic-curves: repository '/home/stackcanary/riemann-hypothesis-research/.lake/packages/OAI/lean/.lake/packages/elliptic-curves' has local changes
warning: tempered-fundamental-groups: repository '/home/stackcanary/riemann-hypothesis-research/.lake/packages/OAI/lean/.lake/packages/tempered-fundamental-groups' has local changes
warning: oka: repository '/home/stackcanary/riemann-hypothesis-research/.lake/packages/OAI/lean/.lake/packages/oka' has local changes
warning: orbicurve-cores: repository '/home/stackcanary/riemann-hypothesis-research/.lake/packages/OAI/lean/.lake/packages/orbicurve-cores' has local changes
warning: pi1: repository '/home/stackcanary/riemann-hypothesis-research/.lake/packages/OAI/lean/.lake/packages/pi1' has local changes
warning: heights: repository '/home/stackcanary/riemann-hypothesis-research/.lake/packages/OAI/lean/.lake/packages/heights' has local changes
warning: genl: repository '/home/stackcanary/riemann-hypothesis-research/.lake/packages/OAI/lean/.lake/packages/genl' has local changes
warning: tate-curves-theta: repository '/home/stackcanary/riemann-hypothesis-research/.lake/packages/OAI/lean/.lake/packages/tate-curves-theta' has local changes
warning: iut: repository '/home/stackcanary/riemann-hypothesis-research/.lake/packages/OAI/lean/.lake/packages/iut' has local changes
warning: gromov: repository '/home/stackcanary/riemann-hypothesis-research/.lake/packages/OAI/lean/.lake/packages/gromov' has local changes
warning: SphereEversion: repository '/home/stackcanary/riemann-hypothesis-research/.lake/packages/OAI/lean/.lake/packages/SphereEversion' has local changes
warning: schoenflies-lean: repository '/home/stackcanary/riemann-hypothesis-research/.lake/packages/OAI/lean/.lake/packages/schoenflies-lean' has local changes
warning: ClassFieldTheory: repository '/home/stackcanary/riemann-hypothesis-research/.lake/packages/OAI/lean/.lake/packages/ClassFieldTheory' has local changes
warning: AINTLIB: repository '/home/stackcanary/riemann-hypothesis-research/.lake/packages/OAI/lean/.lake/packages/AINTLIB' has local changes
warning: AbsorptionCutoff: repository '/home/stackcanary/riemann-hypothesis-research/.lake/packages/OAI/lean/.lake/packages/AbsorptionCutoff' has local changes
warning: StrongPNT: repository '/home/stackcanary/riemann-hypothesis-research/.lake/packages/OAI/lean/.lake/packages/StrongPNT' has local changes
warning: carleson: repository '/home/stackcanary/riemann-hypothesis-research/.lake/packages/OAI/lean/.lake/packages/carleson' has local changes
warning: rellich-kondrachov: repository '/home/stackcanary/riemann-hypothesis-research/.lake/packages/OAI/lean/.lake/packages/rellich-kondrachov' has local changes
warning: Zeta3Irrational: repository '/home/stackcanary/riemann-hypothesis-research/.lake/packages/OAI/lean/.lake/packages/Zeta3Irrational' has local changes
warning: fixed-point-theorems: repository '/home/stackcanary/riemann-hypothesis-research/.lake/packages/OAI/lean/.lake/packages/fixed-point-theorems' has local changes
⚠ [8932/8932] Built VerificationChallenges.ActualOccurrences (4.1s)
warning: lean/VerificationChallenges/ActualOccurrences.lean:10:8: declaration uses `sorry`
warning: lean/VerificationChallenges/ActualOccurrences.lean:12:8: declaration uses `sorry`
warning: lean/VerificationChallenges/ActualOccurrences.lean:14:8: declaration uses `sorry`
warning: lean/VerificationChallenges/ActualOccurrences.lean:16:8: declaration uses `sorry`
warning: lean/VerificationChallenges/ActualOccurrences.lean:18:8: declaration uses `sorry`
warning: lean/VerificationChallenges/ActualOccurrences.lean:21:8: declaration uses `sorry`
warning: lean/VerificationChallenges/ActualOccurrences.lean:24:8: declaration uses `sorry`
warning: lean/VerificationChallenges/ActualOccurrences.lean:27:8: declaration uses `sorry`
warning: lean/VerificationChallenges/ActualOccurrences.lean:30:8: declaration uses `sorry`
warning: lean/VerificationChallenges/ActualOccurrences.lean:32:8: declaration uses `sorry`
warning: lean/VerificationChallenges/ActualOccurrences.lean:35:8: declaration uses `sorry`
warning: lean/VerificationChallenges/ActualOccurrences.lean:38:8: declaration uses `sorry`
warning: lean/VerificationChallenges/ActualOccurrences.lean:40:8: declaration uses `sorry`
warning: lean/VerificationChallenges/ActualOccurrences.lean:43:8: declaration uses `sorry`
warning: lean/VerificationChallenges/ActualOccurrences.lean:46:8: declaration uses `sorry`
warning: lean/VerificationChallenges/ActualOccurrences.lean:49:8: declaration uses `sorry`
warning: lean/VerificationChallenges/ActualOccurrences.lean:51:8: declaration uses `sorry`
warning: lean/VerificationChallenges/ActualOccurrences.lean:54:8: declaration uses `sorry`
warning: lean/VerificationChallenges/ActualOccurrences.lean:57:8: declaration uses `sorry`
warning: lean/VerificationChallenges/ActualOccurrences.lean:61:8: declaration uses `sorry`
warning: lean/VerificationChallenges/ActualOccurrences.lean:63:8: declaration uses `sorry`
warning: lean/VerificationChallenges/ActualOccurrences.lean:66:8: declaration uses `sorry`
warning: lean/VerificationChallenges/ActualOccurrences.lean:68:8: declaration uses `sorry`
warning: lean/VerificationChallenges/ActualOccurrences.lean:73:8: declaration uses `sorry`
warning: lean/VerificationChallenges/ActualOccurrences.lean:75:8: declaration uses `sorry`
warning: lean/VerificationChallenges/ActualOccurrences.lean:80:8: declaration uses `sorry`
warning: lean/VerificationChallenges/ActualOccurrences.lean:83:8: declaration uses `sorry`
warning: lean/VerificationChallenges/ActualOccurrences.lean:87:8: declaration uses `sorry`
warning: lean/VerificationChallenges/ActualOccurrences.lean:92:8: declaration uses `sorry`
warning: lean/VerificationChallenges/ActualOccurrences.lean:94:8: declaration uses `sorry`
warning: lean/VerificationChallenges/ActualOccurrences.lean:97:8: declaration uses `sorry`
warning: lean/VerificationChallenges/ActualOccurrences.lean:99:8: declaration uses `sorry`
warning: lean/VerificationChallenges/ActualOccurrences.lean:103:8: declaration uses `sorry`
warning: lean/VerificationChallenges/ActualOccurrences.lean:111:8: declaration uses `sorry`
warning: lean/VerificationChallenges/ActualOccurrences.lean:116:8: declaration uses `sorry`
warning: lean/VerificationChallenges/ActualOccurrences.lean:122:8: declaration uses `sorry`
warning: lean/VerificationChallenges/ActualOccurrences.lean:128:8: declaration uses `sorry`
warning: lean/VerificationChallenges/ActualOccurrences.lean:135:8: declaration uses `sorry`
warning: lean/VerificationChallenges/ActualOccurrences.lean:140:8: declaration uses `sorry`
warning: lean/VerificationChallenges/ActualOccurrences.lean:143:8: declaration uses `sorry`
warning: lean/VerificationChallenges/ActualOccurrences.lean:147:8: declaration uses `sorry`
warning: lean/VerificationChallenges/ActualOccurrences.lean:153:8: declaration uses `sorry`
warning: lean/VerificationChallenges/ActualOccurrences.lean:159:8: declaration uses `sorry`
warning: lean/VerificationChallenges/ActualOccurrences.lean:167:8: declaration uses `sorry`
warning: lean/VerificationChallenges/ActualOccurrences.lean:171:8: declaration uses `sorry`
warning: lean/VerificationChallenges/ActualOccurrences.lean:173:8: declaration uses `sorry`
warning: lean/VerificationChallenges/ActualOccurrences.lean:176:8: declaration uses `sorry`
warning: lean/VerificationChallenges/ActualOccurrences.lean:179:8: declaration uses `sorry`
Build completed successfully (8932 jobs).
Exporting #[Quot, Quot.mk, Quot.lift, Quot.ind, HigherCorrelations.stripZero_ne_one, HigherCorrelations.stripZero_analytic, HigherCorrelations.stripZero_order_finite, HigherCorrelations.zeroMultiplicity_pos, HigherCorrelations.zeroMultiplicity_conjugate, HigherCorrelations.stripZero_height_finite, HigherCorrelations.occurrence_height_finite, HigherCorrelations.mem_occurrenceCutoff, HigherCorrelations.occurrenceCutoff_negative, HigherCorrelations.occurrenceCutoff_exhausts, HigherCorrelations.occurrence_ordinate_finite, HigherCorrelations.zero_occurrences_countable, HigherCorrelations.zeroMultiplicity_one_sub, HigherCorrelations.zeroMultiplicity_horizontalReflection, HigherCorrelations.occurrenceReflection_value, HigherCorrelations.occurrenceReflection_involutive, HigherCorrelations.occurrenceReflection_ordinate, HigherCorrelations.occurrenceReflection_displacement, HigherCorrelations.occurrence_count_polynomial, HigherCorrelations.anchor_finite, HigherCorrelations.dyadicIndex_bounds, HigherCorrelations.anchoredRadius_nonneg, HigherCorrelations.actual_shell_cardinality, HigherCorrelations.planeCoords_apply, HigherCorrelations.complexFourier_integrable, HigherCorrelations.complexFourier_eq_inverse, HigherCorrelations.complexFourier_real_eq_inverse, HigherCorrelations.complexFourier_strip_decay, HigherCorrelations.occurrence_displacement_lt, HigherCorrelations.actualShifts_bound, HigherCorrelations.meanSpacing_pos, HigherCorrelations.anchored_actual_summable_norm, HigherCorrelations.actual_anchored_tail, HigherCorrelations.actual_summable_norm, HigherCorrelations.actual_signed_difference_summable, HigherCorrelations.actual_independent_cutoff_limit, HigherCorrelations.actual_signed_cutoff_limit, HigherCorrelations.project_actual_summable_norm, HigherCorrelations.zero_occurrence_fiber_card, HigherCorrelations.actual_ordinate_regroup, HigherCorrelations.actual_triple_patterns, HigherCorrelations.actual_eight_reflections, HigherCorrelations.actual_signed_eight_reflections, HigherCorrelations.actual_reflection_preserves_patterns, HigherCorrelations.actual_cutoff_endpoint, HigherCorrelations.actual_reflection_cutoff, HigherCorrelations.actual_zero_test, HigherCorrelations.complexPair_zero_band, propext, Quot.sound, Classical.choice, Nat.add, Nat.sub, Nat.mul, Nat.pow, Nat.gcd, Nat.div, Nat.mod, Nat.beq, Nat.ble, Nat.land, Nat.lor, Nat.xor, Nat.shiftLeft, Nat.shiftRight, String.ofList, Char.ofNat, List, eagerReduce, Nat, String, String.mk, Char, optParam, autoParam, semiOutParam, outParam] from VerificationChallenges.ActualOccurrences
Building HigherCorrelations.ActualOccurrencesFoundation
warning: PrimeNumberTheoremAnd: repository '/home/stackcanary/riemann-hypothesis-research/.lake/packages/OAI/lean/.lake/packages/PrimeNumberTheoremAnd' has local changes
warning: belyi: repository '/home/stackcanary/riemann-hypothesis-research/.lake/packages/OAI/lean/.lake/packages/belyi' has local changes
warning: formal-schemes: repository '/home/stackcanary/riemann-hypothesis-research/.lake/packages/OAI/lean/.lake/packages/formal-schemes' has local changes
warning: elliptic-curves: repository '/home/stackcanary/riemann-hypothesis-research/.lake/packages/OAI/lean/.lake/packages/elliptic-curves' has local changes
warning: tempered-fundamental-groups: repository '/home/stackcanary/riemann-hypothesis-research/.lake/packages/OAI/lean/.lake/packages/tempered-fundamental-groups' has local changes
warning: oka: repository '/home/stackcanary/riemann-hypothesis-research/.lake/packages/OAI/lean/.lake/packages/oka' has local changes
warning: orbicurve-cores: repository '/home/stackcanary/riemann-hypothesis-research/.lake/packages/OAI/lean/.lake/packages/orbicurve-cores' has local changes
warning: pi1: repository '/home/stackcanary/riemann-hypothesis-research/.lake/packages/OAI/lean/.lake/packages/pi1' has local changes
warning: heights: repository '/home/stackcanary/riemann-hypothesis-research/.lake/packages/OAI/lean/.lake/packages/heights' has local changes
warning: genl: repository '/home/stackcanary/riemann-hypothesis-research/.lake/packages/OAI/lean/.lake/packages/genl' has local changes
warning: tate-curves-theta: repository '/home/stackcanary/riemann-hypothesis-research/.lake/packages/OAI/lean/.lake/packages/tate-curves-theta' has local changes
warning: iut: repository '/home/stackcanary/riemann-hypothesis-research/.lake/packages/OAI/lean/.lake/packages/iut' has local changes
warning: gromov: repository '/home/stackcanary/riemann-hypothesis-research/.lake/packages/OAI/lean/.lake/packages/gromov' has local changes
warning: SphereEversion: repository '/home/stackcanary/riemann-hypothesis-research/.lake/packages/OAI/lean/.lake/packages/SphereEversion' has local changes
warning: schoenflies-lean: repository '/home/stackcanary/riemann-hypothesis-research/.lake/packages/OAI/lean/.lake/packages/schoenflies-lean' has local changes
warning: ClassFieldTheory: repository '/home/stackcanary/riemann-hypothesis-research/.lake/packages/OAI/lean/.lake/packages/ClassFieldTheory' has local changes
warning: AINTLIB: repository '/home/stackcanary/riemann-hypothesis-research/.lake/packages/OAI/lean/.lake/packages/AINTLIB' has local changes
warning: AbsorptionCutoff: repository '/home/stackcanary/riemann-hypothesis-research/.lake/packages/OAI/lean/.lake/packages/AbsorptionCutoff' has local changes
warning: StrongPNT: repository '/home/stackcanary/riemann-hypothesis-research/.lake/packages/OAI/lean/.lake/packages/StrongPNT' has local changes
warning: carleson: repository '/home/stackcanary/riemann-hypothesis-research/.lake/packages/OAI/lean/.lake/packages/carleson' has local changes
warning: rellich-kondrachov: repository '/home/stackcanary/riemann-hypothesis-research/.lake/packages/OAI/lean/.lake/packages/rellich-kondrachov' has local changes
warning: Zeta3Irrational: repository '/home/stackcanary/riemann-hypothesis-research/.lake/packages/OAI/lean/.lake/packages/Zeta3Irrational' has local changes
warning: fixed-point-theorems: repository '/home/stackcanary/riemann-hypothesis-research/.lake/packages/OAI/lean/.lake/packages/fixed-point-theorems' has local changes
Build completed successfully (8994 jobs).
Exporting #[Quot, Quot.mk, Quot.lift, Quot.ind, HigherCorrelations.stripZero_ne_one, HigherCorrelations.stripZero_analytic, HigherCorrelations.stripZero_order_finite, HigherCorrelations.zeroMultiplicity_pos, HigherCorrelations.zeroMultiplicity_conjugate, HigherCorrelations.stripZero_height_finite, HigherCorrelations.occurrence_height_finite, HigherCorrelations.mem_occurrenceCutoff, HigherCorrelations.occurrenceCutoff_negative, HigherCorrelations.occurrenceCutoff_exhausts, HigherCorrelations.occurrence_ordinate_finite, HigherCorrelations.zero_occurrences_countable, HigherCorrelations.zeroMultiplicity_one_sub, HigherCorrelations.zeroMultiplicity_horizontalReflection, HigherCorrelations.occurrenceReflection_value, HigherCorrelations.occurrenceReflection_involutive, HigherCorrelations.occurrenceReflection_ordinate, HigherCorrelations.occurrenceReflection_displacement, HigherCorrelations.occurrence_count_polynomial, HigherCorrelations.anchor_finite, HigherCorrelations.dyadicIndex_bounds, HigherCorrelations.anchoredRadius_nonneg, HigherCorrelations.actual_shell_cardinality, HigherCorrelations.planeCoords_apply, HigherCorrelations.complexFourier_integrable, HigherCorrelations.complexFourier_eq_inverse, HigherCorrelations.complexFourier_real_eq_inverse, HigherCorrelations.complexFourier_strip_decay, HigherCorrelations.occurrence_displacement_lt, HigherCorrelations.actualShifts_bound, HigherCorrelations.meanSpacing_pos, HigherCorrelations.anchored_actual_summable_norm, HigherCorrelations.actual_anchored_tail, HigherCorrelations.actual_summable_norm, HigherCorrelations.actual_signed_difference_summable, HigherCorrelations.actual_independent_cutoff_limit, HigherCorrelations.actual_signed_cutoff_limit, HigherCorrelations.project_actual_summable_norm, HigherCorrelations.zero_occurrence_fiber_card, HigherCorrelations.actual_ordinate_regroup, HigherCorrelations.actual_triple_patterns, HigherCorrelations.actual_eight_reflections, HigherCorrelations.actual_signed_eight_reflections, HigherCorrelations.actual_reflection_preserves_patterns, HigherCorrelations.actual_cutoff_endpoint, HigherCorrelations.actual_reflection_cutoff, HigherCorrelations.actual_zero_test, HigherCorrelations.complexPair_zero_band, propext, Quot.sound, Classical.choice, Nat.add, Nat.sub, Nat.mul, Nat.pow, Nat.gcd, Nat.div, Nat.mod, Nat.beq, Nat.ble, Nat.land, Nat.lor, Nat.xor, Nat.shiftLeft, Nat.shiftRight, String.ofList, Char.ofNat, List, eagerReduce, Nat, String, String.mk, Char, optParam, autoParam, semiOutParam, outParam] from HigherCorrelations.ActualOccurrencesFoundation
Running Lean default kernel on solution.
Lean default kernel accepts the solution
Your solution is okay!
