warning: PrimeNumberTheoremAnd: repository '/home/stackcanary/riemann-hypothesis-research/.lake/packages/OAI/lean/.lake/packages/PrimeNumberTheoremAnd' has local changes
warning: belyi: repository '/home/stackcanary/riemann-hypothesis-research/.lake/packages/OAI/lean/.lake/packages/belyi' has local changes
warning: formal-schemes: repository '/home/stackcanary/riemann-hypothesis-research/.lake/packages/OAI/lean/.lake/packages/formal-schemes' has local changes
warning: elliptic-curves: repository '/home/stackcanary/riemann-hypothesis-research/.lake/packages/OAI/lean/.lake/packages/elliptic-curves' has local changes
warning: tempered-fundamental-groups: repository '/home/stackcanary/riemann-hypothesis-research/.lake/packages/OAI/lean/.lake/packages/tempered-fundamental-groups' has local changes
warning: oka: repository '/home/stackcanary/riemann-hypothesis-research/.lake/packages/OAI/lean/.lake/packages/oka' has local changes
warning: orbicurve-cores: repository '/home/stackcanary/riemann-hypothesis-research/.lake/packages/OAI/lean/.lake/packages/orbicurve-cores' has local changes
warning: pi1: repository '/home/stackcanary/riemann-hypothesis-research/.lake/packages/OAI/lean/.lake/packages/pi1' has local changes
warning: heights: repository '/home/stackcanary/riemann-hypothesis-research/.lake/packages/OAI/lean/.lake/packages/heights' has local changes
warning: genl: repository '/home/stackcanary/riemann-hypothesis-research/.lake/packages/OAI/lean/.lake/packages/genl' has local changes
warning: tate-curves-theta: repository '/home/stackcanary/riemann-hypothesis-research/.lake/packages/OAI/lean/.lake/packages/tate-curves-theta' has local changes
warning: iut: repository '/home/stackcanary/riemann-hypothesis-research/.lake/packages/OAI/lean/.lake/packages/iut' has local changes
warning: gromov: repository '/home/stackcanary/riemann-hypothesis-research/.lake/packages/OAI/lean/.lake/packages/gromov' has local changes
warning: SphereEversion: repository '/home/stackcanary/riemann-hypothesis-research/.lake/packages/OAI/lean/.lake/packages/SphereEversion' has local changes
warning: schoenflies-lean: repository '/home/stackcanary/riemann-hypothesis-research/.lake/packages/OAI/lean/.lake/packages/schoenflies-lean' has local changes
warning: ClassFieldTheory: repository '/home/stackcanary/riemann-hypothesis-research/.lake/packages/OAI/lean/.lake/packages/ClassFieldTheory' has local changes
warning: AINTLIB: repository '/home/stackcanary/riemann-hypothesis-research/.lake/packages/OAI/lean/.lake/packages/AINTLIB' has local changes
warning: AbsorptionCutoff: repository '/home/stackcanary/riemann-hypothesis-research/.lake/packages/OAI/lean/.lake/packages/AbsorptionCutoff' has local changes
warning: StrongPNT: repository '/home/stackcanary/riemann-hypothesis-research/.lake/packages/OAI/lean/.lake/packages/StrongPNT' has local changes
warning: carleson: repository '/home/stackcanary/riemann-hypothesis-research/.lake/packages/OAI/lean/.lake/packages/carleson' has local changes
warning: rellich-kondrachov: repository '/home/stackcanary/riemann-hypothesis-research/.lake/packages/OAI/lean/.lake/packages/rellich-kondrachov' has local changes
warning: Zeta3Irrational: repository '/home/stackcanary/riemann-hypothesis-research/.lake/packages/OAI/lean/.lake/packages/Zeta3Irrational' has local changes
warning: fixed-point-theorems: repository '/home/stackcanary/riemann-hypothesis-research/.lake/packages/OAI/lean/.lake/packages/fixed-point-theorems' has local changes
'OAI.riemannZeta_ne_zero_of_seven_eighths_lt_re' depends on axioms: [propext, Classical.choice, Quot.sound]
'HigherCorrelations.zeta_ne_zero_right' depends on axioms: [propext, Classical.choice, Quot.sound]
'HigherCorrelations.reflected_zero' depends on axioms: [propext, Classical.choice, Quot.sound]
'HigherCorrelations.zero_re_le_seven_eighths' depends on axioms: [propext, Classical.choice, Quot.sound]
'HigherCorrelations.zero_horizontal_strip' depends on axioms: [propext, Classical.choice, Quot.sound]
'HigherCorrelations.zero_horizontal_displacement' depends on axioms: [propext, Classical.choice, Quot.sound]
'HigherCorrelations.indexed_zero_horizontal_strip' depends on axioms: [propext, Classical.choice, Quot.sound]
'HigherCorrelations.classifyTriple_iff' depends on axioms: [propext, Classical.choice, Quot.sound]
'HigherCorrelations.pattern_unique' depends on axioms: [propext, Classical.choice, Quot.sound]
'HigherCorrelations.pattern_disjoint' depends on axioms: [propext, Classical.choice, Quot.sound]
'HigherCorrelations.sum_regroup_fibers' depends on axioms: [propext, Classical.choice, Quot.sound]
'HigherCorrelations.sum_regroup_multiplicity' depends on axioms: [propext, Classical.choice, Quot.sound]
'HigherCorrelations.sum_triple_patterns' depends on axioms: [propext, Classical.choice, Quot.sound]
'HigherCorrelations.reflectSlots_involutive' depends on axioms: [Quot.sound]
'HigherCorrelations.reflectSlots_bijective' depends on axioms: [Quot.sound]
'HigherCorrelations.reflectSlots_labels' depends on axioms: [propext, Quot.sound]
'HigherCorrelations.reflectSlots_domain' depends on axioms: [propext, Classical.choice, Quot.sound]
'HigherCorrelations.reflectSlots_pattern' depends on axioms: [propext, Quot.sound]
'HigherCorrelations.sum_involution' depends on axioms: [propext, Classical.choice, Quot.sound]
'HigherCorrelations.sum_reflectSlots' depends on axioms: [propext, Classical.choice, Quot.sound]
'HigherCorrelations.sum_reflectSlots_pattern' depends on axioms: [propext, Classical.choice, Quot.sound]
'HigherCorrelations.sum_eight_reflections' depends on axioms: [propext, Classical.choice, Quot.sound]
'HigherCorrelations.sum_eight_reflections_pattern' depends on axioms: [propext, Classical.choice, Quot.sound]
'HigherCorrelations.simultaneous_index_pattern' depends on axioms: [propext]
'HigherCorrelations.independent_index_counterexample' depends on axioms: [propext]
'HigherCorrelations.sign_product_expansion' depends on axioms: [propext, Classical.choice, Quot.sound]
'HigherCorrelations.weighted_sign_product' depends on axioms: [propext, Classical.choice, Quot.sound]
'HigherCorrelations.weighted_sign_sub_one' depends on axioms: [propext, Classical.choice, Quot.sound]
'HigherCorrelations.weighted_sign_empty_split' depends on axioms: [propext, Classical.choice, Quot.sound]
'HigherCorrelations.horizontalReflection_involutive' depends on axioms: [propext, Classical.choice, Quot.sound]
'HigherCorrelations.horizontalReflection_im' depends on axioms: [propext, Classical.choice, Quot.sound]
'HigherCorrelations.horizontalReflection_displacement' depends on axioms: [propext, Classical.choice, Quot.sound]
'HigherCorrelations.horizontalReflection_zero' depends on axioms: [propext, Classical.choice, Quot.sound]
'HigherCorrelations.example_five_patterns' depends on axioms: [propext]
'HigherCorrelations.example_empty_domain' depends on axioms: [propext, Classical.choice, Quot.sound]
'HigherCorrelations.example_singleton_domain' depends on axioms: [propext, Classical.choice, Quot.sound]
'HigherCorrelations.example_different_cutoffs' depends on axioms: [propext, Classical.choice, Quot.sound]
'HigherCorrelations.example_repeated_occurrences' depends on axioms: [propext, Classical.choice, Quot.sound]
'HigherCorrelations.example_distinct_complex_same_ordinate' depends on axioms: [propext, Classical.choice, Quot.sound]
'HigherCorrelations.example_fixed_point' depends on axioms: [propext, Classical.choice, Quot.sound]
'HigherCorrelations.example_exchanged_pair' depends on axioms: [propext, Classical.choice, Quot.sound]
'HigherCorrelations.cosh_quadratic_lower' depends on axioms: [propext, Classical.choice, Quot.sound]
'HigherCorrelations.cosh_triple_quadratic_lower' depends on axioms: [propext, Classical.choice, Quot.sound]
'HigherCorrelations.horizontal_cosh_square_lower' depends on axioms: [propext, Classical.choice, Quot.sound]
'HigherCorrelations.horizontal_frequency_lower' depends on axioms: [propext, Classical.choice, Quot.sound]
'HigherCorrelations.horizontal_frequency_nonneg' depends on axioms: [propext, Classical.choice, Quot.sound]
'HigherCorrelations.horizontal_frequency_zero_iff' depends on axioms: [propext, Classical.choice, Quot.sound]
'HigherCorrelations.horizontal_square_mass_nonneg' depends on axioms: [propext, Classical.choice, Quot.sound]
'HigherCorrelations.horizontal_cube_square_sum' depends on axioms: [propext, Classical.choice, Quot.sound]
'HigherCorrelations.same_ordinate_horizontal_square_lower' depends on axioms: [propext, Classical.choice, Quot.sound]
'HigherCorrelations.same_ordinate_cosh_nonneg' depends on axioms: [propext, Classical.choice, Quot.sound]
'HigherCorrelations.weighted_ordinate_fibers_lower' depends on axioms: [propext, Classical.choice, Quot.sound]
'HigherCorrelations.square_example_mixed_signs' depends on axioms: [propext, Classical.choice, Quot.sound]
'HigherCorrelations.square_example_empty' depends on axioms: [propext, Classical.choice, Quot.sound]
'HigherCorrelations.square_example_singleton' depends on axioms: [propext, Classical.choice, Quot.sound]
'HigherCorrelations.square_example_zero_scale' depends on axioms: [propext, Classical.choice, Quot.sound]
'HigherCorrelations.square_example_frequency_origin' depends on axioms: [propext, Classical.choice, Quot.sound]
'HigherCorrelations.square_example_frequency_axes' depends on axioms: [propext, Classical.choice, Quot.sound]
'HigherCorrelations.square_example_repeated_occurrences' depends on axioms: [propext, Classical.choice, Quot.sound]
'HigherCorrelations.square_example_fiber_multiplicities' depends on axioms: [propext, Classical.choice, Quot.sound]
'HigherCorrelations.dyadic_ratio_bounds' depends on axioms: [propext, Classical.choice, Quot.sound]
'HigherCorrelations.shell_sum_eq' depends on axioms: [propext, Classical.choice, Quot.sound]
'HigherCorrelations.summable_of_shell_bounds' depends on axioms: [propext, Classical.choice, Quot.sound]
'HigherCorrelations.dyadic_shell_sum_bound' depends on axioms: [propext, Classical.choice, Quot.sound]
'HigherCorrelations.dyadic_summable_norm' depends on axioms: [propext, Classical.choice, Quot.sound]
'HigherCorrelations.dyadic_summable' depends on axioms: [propext, Classical.choice, Quot.sound]
'HigherCorrelations.radius_decay_to_shell' depends on axioms: [propext, Classical.choice, Quot.sound]
'HigherCorrelations.shell_tsum_eq' depends on axioms: [propext, Classical.choice, Quot.sound]
'HigherCorrelations.geometric_tail_eq' depends on axioms: [propext, Classical.choice, Quot.sound]
'HigherCorrelations.dyadic_tail_bound' depends on axioms: [propext, Classical.choice, Quot.sound]
'HigherCorrelations.project_dyadic_ratios' depends on axioms: [propext, Classical.choice, Quot.sound]
'HigherCorrelations.occurrence_cutoff_limit' depends on axioms: [propext, Classical.choice, Quot.sound]
'HigherCorrelations.triple_cutoff_limit' depends on axioms: [propext, Classical.choice, Quot.sound]
'HigherCorrelations.independent_sequence_cutoff_limit' depends on axioms: [propext, Classical.choice, Quot.sound]
'HigherCorrelations.tsum_regroup_occurrences' depends on axioms: [propext, Classical.choice, Quot.sound]
'HigherCorrelations.tsum_regroup_finite_fibers' depends on axioms: [propext, Classical.choice, Quot.sound]
'HigherCorrelations.tsum_triple_patterns' depends on axioms: [propext, Classical.choice, Quot.sound]
'HigherCorrelations.summable_reflectSlots' depends on axioms: [propext, Classical.choice, Quot.sound]
'HigherCorrelations.tsum_reflectSlots' depends on axioms: [propext, Classical.choice, Quot.sound]
'HigherCorrelations.tsum_eight_reflections' depends on axioms: [propext, Classical.choice, Quot.sound]
'HigherCorrelations.tsum_reflectSlots_pattern' depends on axioms: [propext, Classical.choice, Quot.sound]
'HigherCorrelations.tsum_eight_reflections_pattern' depends on axioms: [propext, Classical.choice, Quot.sound]
'HigherCorrelations.dominated_occurrence_limit' depends on axioms: [propext, Classical.choice, Quot.sound]
'HigherCorrelations.evaluated_integrals_summable' depends on axioms: [propext, Classical.choice, Quot.sound]
'HigherCorrelations.evaluated_integrals_cutoff_limit' depends on axioms: [propext, Classical.choice, Quot.sound]
'HigherCorrelations.integral_occurrence_sum' depends on axioms: [propext, Classical.choice, Quot.sound]
'HigherCorrelations.integral_occurrence_cutoff_limit' depends on axioms: [propext, Classical.choice, Quot.sound]
'HigherCorrelations.dominated_integral_limit' depends on axioms: [propext, Classical.choice, Quot.sound]
'HigherCorrelations.continuous_cosh_excess' depends on axioms: [propext, Classical.choice, Quot.sound]
'HigherCorrelations.continuous_frequency_form' depends on axioms: [propext, Classical.choice, Quot.sound]
'HigherCorrelations.integrable_weighted_cosh' depends on axioms: [propext, Classical.choice, Quot.sound]
'HigherCorrelations.integrable_weighted_frequency' depends on axioms: [propext, Classical.choice, Quot.sound]
'HigherCorrelations.integrated_frequency_nonneg' depends on axioms: [propext, Classical.choice, Quot.sound]
'HigherCorrelations.integrated_cosh_nonneg' depends on axioms: [propext, Classical.choice, Quot.sound]
'HigherCorrelations.integrated_horizontal_square_lower' depends on axioms: [propext, Classical.choice, Quot.sound]
'HigherCorrelations.integrated_fibers_lower' depends on axioms: [propext, Classical.choice, Quot.sound]
'HigherCorrelations.geometric_tail_example' depends on axioms: [propext, Classical.choice, Quot.sound]
'HigherCorrelations.repeated_labels_tsum_example' depends on axioms: [propext, Classical.choice, Quot.sound]
'HigherCorrelations.empty_occurrence_tsum_example' depends on axioms: [propext, Classical.choice, Quot.sound]
'HigherCorrelations.reflection_fixed_point_tsum_example' depends on axioms: [propext, Classical.choice, Quot.sound]
'HigherCorrelations.independent_cutoff_example' depends on axioms: [propext, Classical.choice, Quot.sound]
'HigherCorrelations.integrated_empty_example' depends on axioms: [propext, Classical.choice, Quot.sound]
'HigherCorrelations.integrated_zero_scale_example' depends on axioms: [propext, Classical.choice, Quot.sound]
'HigherCorrelations.integrated_zero_weight_example' depends on axioms: [propext, Classical.choice, Quot.sound]
'HigherCorrelations.moving_singleton_summable' depends on axioms: [propext, Classical.choice, Quot.sound]
'HigherCorrelations.moving_singleton_sum' depends on axioms: [propext, Classical.choice, Quot.sound]
'HigherCorrelations.moving_singleton_pointwise' depends on axioms: [propext, Classical.choice, Quot.sound]
'HigherCorrelations.moving_singleton_no_majorant' depends on axioms: [propext, Classical.choice, Quot.sound]
'HigherCorrelations.moving_singleton_limit_mismatch' depends on axioms: [propext, Classical.choice, Quot.sound]
'HigherCorrelations.singleton_shell_summable_example' depends on axioms: [propext, Classical.choice, Quot.sound]
'HigherCorrelations.dyadic_endpoint_example' depends on axioms: [propext, Classical.choice, Quot.sound]
'HigherCorrelations.stripZero_ne_one' depends on axioms: [propext, Classical.choice, Quot.sound]
'HigherCorrelations.stripZero_analytic' depends on axioms: [propext, Classical.choice, Quot.sound]
'HigherCorrelations.stripZero_order_finite' depends on axioms: [propext, Classical.choice, Quot.sound]
'HigherCorrelations.zeroMultiplicity_order' depends on axioms: [propext, Classical.choice, Quot.sound]
'HigherCorrelations.zeroMultiplicity_pos' depends on axioms: [propext, Classical.choice, Quot.sound]
'HigherCorrelations.zeroMultiplicity_conjugate' depends on axioms: [propext, Classical.choice, Quot.sound]
'HigherCorrelations.stripZero_height_finite' depends on axioms: [propext, Classical.choice, Quot.sound]
'HigherCorrelations.occurrence_height_finite' depends on axioms: [propext, Classical.choice, Quot.sound]
'HigherCorrelations.mem_occurrenceCutoff' depends on axioms: [propext, Classical.choice, Quot.sound]
'HigherCorrelations.occurrenceCutoff_negative' depends on axioms: [propext, Classical.choice, Quot.sound]
'HigherCorrelations.occurrenceCutoff_exhausts' depends on axioms: [propext, Classical.choice, Quot.sound]
'HigherCorrelations.occurrence_ordinate_finite' depends on axioms: [propext, Classical.choice, Quot.sound]
'HigherCorrelations.zero_occurrences_countable' depends on axioms: [propext, Classical.choice, Quot.sound]
'HigherCorrelations.zeroMultiplicity_one_sub' depends on axioms: [propext, Classical.choice, Quot.sound]
'HigherCorrelations.zeroMultiplicity_horizontalReflection' depends on axioms: [propext, Classical.choice, Quot.sound]
'HigherCorrelations.occurrenceReflection_value' depends on axioms: [propext, Classical.choice, Quot.sound]
'HigherCorrelations.occurrenceReflection_involutive' depends on axioms: [propext, Classical.choice, Quot.sound]
'HigherCorrelations.occurrenceReflection_ordinate' depends on axioms: [propext, Classical.choice, Quot.sound]
'HigherCorrelations.occurrenceReflection_displacement' depends on axioms: [propext, Classical.choice, Quot.sound]
'HigherCorrelations.occurrenceCutoff_card' depends on axioms: [propext, Classical.choice, Quot.sound]
'HigherCorrelations.occurrenceCutoff_le_mass' depends on axioms: [propext, Classical.choice, Quot.sound]
'HigherCorrelations.occurrence_count_polynomial' depends on axioms: [propext, Classical.choice, Quot.sound]
'HigherCorrelations.anchor_finite' depends on axioms: [propext, Classical.choice, Quot.sound]
'HigherCorrelations.dyadicIndex_bounds' depends on axioms: [propext, Classical.choice, Quot.sound]
'HigherCorrelations.anchoredRadius_nonneg' depends on axioms: [propext, Classical.choice, Quot.sound]
'HigherCorrelations.actual_shell_radius_lower' depends on axioms: [propext, Classical.choice, Quot.sound]
'HigherCorrelations.actual_shell_count' depends on axioms: [propext, Classical.choice, Quot.sound]
'HigherCorrelations.actual_shell_cardinality' depends on axioms: [propext, Classical.choice, Quot.sound]
'HigherCorrelations.section_iteratedFDeriv_smooth' depends on axioms: [propext, Classical.choice, Quot.sound]
'HigherCorrelations.compact_family_derivative_integral_bound' depends on axioms: [propext, Classical.choice, Quot.sound]
'HigherCorrelations.compact_family_fourier_power_bound' depends on axioms: [propext, Classical.choice, Quot.sound]
'HigherCorrelations.compact_family_fourier_decay' depends on axioms: [propext, Classical.choice, Quot.sound]
'HigherCorrelations.planeCoords_apply' depends on axioms: [propext, Classical.choice, Quot.sound]
'HigherCorrelations.complexFourier_integrable' depends on axioms: [propext, Classical.choice, Quot.sound]
'HigherCorrelations.complexFourier_eq_inverse' depends on axioms: [propext, Classical.choice, Quot.sound]
'HigherCorrelations.complexFourier_real_eq_inverse' depends on axioms: [propext, Classical.choice, Quot.sound]
'HigherCorrelations.complexFourier_strip_decay' depends on axioms: [propext, Classical.choice, Quot.sound]
'HigherCorrelations.occurrence_displacement_lt' depends on axioms: [propext, Classical.choice, Quot.sound]
'HigherCorrelations.actualShifts_bound' depends on axioms: [propext, Classical.choice, Quot.sound]
'HigherCorrelations.meanSpacing_pos' depends on axioms: [propext, Classical.choice, Quot.sound]
'HigherCorrelations.anchored_actual_summable_norm' depends on axioms: [propext, Classical.choice, Quot.sound]
'HigherCorrelations.actual_anchored_tail' depends on axioms: [propext, Classical.choice, Quot.sound]
'HigherCorrelations.actual_summable_norm' depends on axioms: [propext, Classical.choice, Quot.sound]
'HigherCorrelations.actual_signed_difference_summable' depends on axioms: [propext, Classical.choice, Quot.sound]
'HigherCorrelations.actual_independent_cutoff_limit' depends on axioms: [propext, Classical.choice, Quot.sound]
'HigherCorrelations.actual_signed_cutoff_limit' depends on axioms: [propext, Classical.choice, Quot.sound]
'HigherCorrelations.project_actual_summable_norm' depends on axioms: [propext, Classical.choice, Quot.sound]
'HigherCorrelations.zero_occurrence_fiber_card' depends on axioms: [propext, Classical.choice, Quot.sound]
'HigherCorrelations.actual_ordinate_regroup' depends on axioms: [propext, Classical.choice, Quot.sound]
'HigherCorrelations.actual_triple_patterns' depends on axioms: [propext, Classical.choice, Quot.sound]
'HigherCorrelations.actual_eight_reflections' depends on axioms: [propext, Classical.choice, Quot.sound]
'HigherCorrelations.actual_signed_eight_reflections' depends on axioms: [propext, Classical.choice, Quot.sound]
'HigherCorrelations.actual_reflection_preserves_patterns' depends on axioms: [propext, Classical.choice, Quot.sound]
'HigherCorrelations.actual_cutoff_endpoint' depends on axioms: [propext, Classical.choice, Quot.sound]
'HigherCorrelations.actual_reflection_cutoff' depends on axioms: [propext, Classical.choice, Quot.sound]
'HigherCorrelations.actual_zero_test' depends on axioms: [propext, Classical.choice, Quot.sound]
'HigherCorrelations.complexPair_zero_band' depends on axioms: [propext, Classical.choice, Quot.sound]
'Backlund.zetaSurrogate_zeros_in_closedBall₀_count' depends on axioms: [propext, Classical.choice, Quot.sound]
'Kadiri.riemannZeta_order_conj' depends on axioms: [propext, Classical.choice, Quot.sound]
'Kadiri.riemannZeta_order_pos_nontrivialZero' depends on axioms: [propext, Classical.choice, Quot.sound]
'Kadiri.riemannZeta_meromorphicOrderAt_ne_top_nontrivialZero' depends on axioms: [propext, Classical.choice, Quot.sound]
