warning: PrimeNumberTheoremAnd: repository '/home/stackcanary/riemann-hypothesis-research/.lake/packages/OAI/lean/.lake/packages/PrimeNumberTheoremAnd' has local changes
warning: belyi: repository '/home/stackcanary/riemann-hypothesis-research/.lake/packages/OAI/lean/.lake/packages/belyi' has local changes
warning: formal-schemes: repository '/home/stackcanary/riemann-hypothesis-research/.lake/packages/OAI/lean/.lake/packages/formal-schemes' has local changes
warning: elliptic-curves: repository '/home/stackcanary/riemann-hypothesis-research/.lake/packages/OAI/lean/.lake/packages/elliptic-curves' has local changes
warning: tempered-fundamental-groups: repository '/home/stackcanary/riemann-hypothesis-research/.lake/packages/OAI/lean/.lake/packages/tempered-fundamental-groups' has local changes
warning: oka: repository '/home/stackcanary/riemann-hypothesis-research/.lake/packages/OAI/lean/.lake/packages/oka' has local changes
warning: orbicurve-cores: repository '/home/stackcanary/riemann-hypothesis-research/.lake/packages/OAI/lean/.lake/packages/orbicurve-cores' has local changes
warning: pi1: repository '/home/stackcanary/riemann-hypothesis-research/.lake/packages/OAI/lean/.lake/packages/pi1' has local changes
warning: heights: repository '/home/stackcanary/riemann-hypothesis-research/.lake/packages/OAI/lean/.lake/packages/heights' has local changes
warning: genl: repository '/home/stackcanary/riemann-hypothesis-research/.lake/packages/OAI/lean/.lake/packages/genl' has local changes
warning: tate-curves-theta: repository '/home/stackcanary/riemann-hypothesis-research/.lake/packages/OAI/lean/.lake/packages/tate-curves-theta' has local changes
warning: iut: repository '/home/stackcanary/riemann-hypothesis-research/.lake/packages/OAI/lean/.lake/packages/iut' has local changes
warning: gromov: repository '/home/stackcanary/riemann-hypothesis-research/.lake/packages/OAI/lean/.lake/packages/gromov' has local changes
warning: SphereEversion: repository '/home/stackcanary/riemann-hypothesis-research/.lake/packages/OAI/lean/.lake/packages/SphereEversion' has local changes
warning: schoenflies-lean: repository '/home/stackcanary/riemann-hypothesis-research/.lake/packages/OAI/lean/.lake/packages/schoenflies-lean' has local changes
warning: ClassFieldTheory: repository '/home/stackcanary/riemann-hypothesis-research/.lake/packages/OAI/lean/.lake/packages/ClassFieldTheory' has local changes
warning: AINTLIB: repository '/home/stackcanary/riemann-hypothesis-research/.lake/packages/OAI/lean/.lake/packages/AINTLIB' has local changes
warning: AbsorptionCutoff: repository '/home/stackcanary/riemann-hypothesis-research/.lake/packages/OAI/lean/.lake/packages/AbsorptionCutoff' has local changes
warning: StrongPNT: repository '/home/stackcanary/riemann-hypothesis-research/.lake/packages/OAI/lean/.lake/packages/StrongPNT' has local changes
warning: carleson: repository '/home/stackcanary/riemann-hypothesis-research/.lake/packages/OAI/lean/.lake/packages/carleson' has local changes
warning: rellich-kondrachov: repository '/home/stackcanary/riemann-hypothesis-research/.lake/packages/OAI/lean/.lake/packages/rellich-kondrachov' has local changes
warning: Zeta3Irrational: repository '/home/stackcanary/riemann-hypothesis-research/.lake/packages/OAI/lean/.lake/packages/Zeta3Irrational' has local changes
warning: fixed-point-theorems: repository '/home/stackcanary/riemann-hypothesis-research/.lake/packages/OAI/lean/.lake/packages/fixed-point-theorems' has local changes
Building VerificationChallenges.Summability
warning: PrimeNumberTheoremAnd: repository '/home/stackcanary/riemann-hypothesis-research/.lake/packages/OAI/lean/.lake/packages/PrimeNumberTheoremAnd' has local changes
warning: belyi: repository '/home/stackcanary/riemann-hypothesis-research/.lake/packages/OAI/lean/.lake/packages/belyi' has local changes
warning: formal-schemes: repository '/home/stackcanary/riemann-hypothesis-research/.lake/packages/OAI/lean/.lake/packages/formal-schemes' has local changes
warning: elliptic-curves: repository '/home/stackcanary/riemann-hypothesis-research/.lake/packages/OAI/lean/.lake/packages/elliptic-curves' has local changes
warning: tempered-fundamental-groups: repository '/home/stackcanary/riemann-hypothesis-research/.lake/packages/OAI/lean/.lake/packages/tempered-fundamental-groups' has local changes
warning: oka: repository '/home/stackcanary/riemann-hypothesis-research/.lake/packages/OAI/lean/.lake/packages/oka' has local changes
warning: orbicurve-cores: repository '/home/stackcanary/riemann-hypothesis-research/.lake/packages/OAI/lean/.lake/packages/orbicurve-cores' has local changes
warning: pi1: repository '/home/stackcanary/riemann-hypothesis-research/.lake/packages/OAI/lean/.lake/packages/pi1' has local changes
warning: heights: repository '/home/stackcanary/riemann-hypothesis-research/.lake/packages/OAI/lean/.lake/packages/heights' has local changes
warning: genl: repository '/home/stackcanary/riemann-hypothesis-research/.lake/packages/OAI/lean/.lake/packages/genl' has local changes
warning: tate-curves-theta: repository '/home/stackcanary/riemann-hypothesis-research/.lake/packages/OAI/lean/.lake/packages/tate-curves-theta' has local changes
warning: iut: repository '/home/stackcanary/riemann-hypothesis-research/.lake/packages/OAI/lean/.lake/packages/iut' has local changes
warning: gromov: repository '/home/stackcanary/riemann-hypothesis-research/.lake/packages/OAI/lean/.lake/packages/gromov' has local changes
warning: SphereEversion: repository '/home/stackcanary/riemann-hypothesis-research/.lake/packages/OAI/lean/.lake/packages/SphereEversion' has local changes
warning: schoenflies-lean: repository '/home/stackcanary/riemann-hypothesis-research/.lake/packages/OAI/lean/.lake/packages/schoenflies-lean' has local changes
warning: ClassFieldTheory: repository '/home/stackcanary/riemann-hypothesis-research/.lake/packages/OAI/lean/.lake/packages/ClassFieldTheory' has local changes
warning: AINTLIB: repository '/home/stackcanary/riemann-hypothesis-research/.lake/packages/OAI/lean/.lake/packages/AINTLIB' has local changes
warning: AbsorptionCutoff: repository '/home/stackcanary/riemann-hypothesis-research/.lake/packages/OAI/lean/.lake/packages/AbsorptionCutoff' has local changes
warning: StrongPNT: repository '/home/stackcanary/riemann-hypothesis-research/.lake/packages/OAI/lean/.lake/packages/StrongPNT' has local changes
warning: carleson: repository '/home/stackcanary/riemann-hypothesis-research/.lake/packages/OAI/lean/.lake/packages/carleson' has local changes
warning: rellich-kondrachov: repository '/home/stackcanary/riemann-hypothesis-research/.lake/packages/OAI/lean/.lake/packages/rellich-kondrachov' has local changes
warning: Zeta3Irrational: repository '/home/stackcanary/riemann-hypothesis-research/.lake/packages/OAI/lean/.lake/packages/Zeta3Irrational' has local changes
warning: fixed-point-theorems: repository '/home/stackcanary/riemann-hypothesis-research/.lake/packages/OAI/lean/.lake/packages/fixed-point-theorems' has local changes
⚠ [8927/8927] Replayed VerificationChallenges.Summability
warning: lean/VerificationChallenges/Summability.lean:8:8: declaration uses `sorry`
warning: lean/VerificationChallenges/Summability.lean:11:8: declaration uses `sorry`
warning: lean/VerificationChallenges/Summability.lean:14:8: declaration uses `sorry`
warning: lean/VerificationChallenges/Summability.lean:18:8: declaration uses `sorry`
warning: lean/VerificationChallenges/Summability.lean:24:8: declaration uses `sorry`
warning: lean/VerificationChallenges/Summability.lean:30:8: declaration uses `sorry`
warning: lean/VerificationChallenges/Summability.lean:35:8: declaration uses `sorry`
warning: lean/VerificationChallenges/Summability.lean:41:8: declaration uses `sorry`
warning: lean/VerificationChallenges/Summability.lean:45:8: declaration uses `sorry`
warning: lean/VerificationChallenges/Summability.lean:48:8: declaration uses `sorry`
warning: lean/VerificationChallenges/Summability.lean:55:8: declaration uses `sorry`
warning: lean/VerificationChallenges/Summability.lean:59:8: declaration uses `sorry`
warning: lean/VerificationChallenges/Summability.lean:64:8: declaration uses `sorry`
warning: lean/VerificationChallenges/Summability.lean:69:8: declaration uses `sorry`
warning: lean/VerificationChallenges/Summability.lean:75:8: declaration uses `sorry`
warning: lean/VerificationChallenges/Summability.lean:79:8: declaration uses `sorry`
warning: lean/VerificationChallenges/Summability.lean:84:8: declaration uses `sorry`
warning: lean/VerificationChallenges/Summability.lean:89:8: declaration uses `sorry`
warning: lean/VerificationChallenges/Summability.lean:93:8: declaration uses `sorry`
warning: lean/VerificationChallenges/Summability.lean:97:8: declaration uses `sorry`
warning: lean/VerificationChallenges/Summability.lean:102:8: declaration uses `sorry`
warning: lean/VerificationChallenges/Summability.lean:109:8: declaration uses `sorry`
warning: lean/VerificationChallenges/Summability.lean:117:8: declaration uses `sorry`
warning: lean/VerificationChallenges/Summability.lean:123:8: declaration uses `sorry`
warning: lean/VerificationChallenges/Summability.lean:128:8: declaration uses `sorry`
warning: lean/VerificationChallenges/Summability.lean:135:8: declaration uses `sorry`
warning: lean/VerificationChallenges/Summability.lean:140:8: declaration uses `sorry`
warning: lean/VerificationChallenges/Summability.lean:148:8: declaration uses `sorry`
warning: lean/VerificationChallenges/Summability.lean:155:8: declaration uses `sorry`
warning: lean/VerificationChallenges/Summability.lean:158:8: declaration uses `sorry`
warning: lean/VerificationChallenges/Summability.lean:161:8: declaration uses `sorry`
warning: lean/VerificationChallenges/Summability.lean:165:8: declaration uses `sorry`
warning: lean/VerificationChallenges/Summability.lean:169:8: declaration uses `sorry`
warning: lean/VerificationChallenges/Summability.lean:172:8: declaration uses `sorry`
warning: lean/VerificationChallenges/Summability.lean:176:8: declaration uses `sorry`
warning: lean/VerificationChallenges/Summability.lean:182:8: declaration uses `sorry`
warning: lean/VerificationChallenges/Summability.lean:193:8: declaration uses `sorry`
warning: lean/VerificationChallenges/Summability.lean:197:8: declaration uses `sorry`
warning: lean/VerificationChallenges/Summability.lean:200:8: declaration uses `sorry`
warning: lean/VerificationChallenges/Summability.lean:202:8: declaration uses `sorry`
warning: lean/VerificationChallenges/Summability.lean:206:8: declaration uses `sorry`
warning: lean/VerificationChallenges/Summability.lean:212:8: declaration uses `sorry`
warning: lean/VerificationChallenges/Summability.lean:215:8: declaration uses `sorry`
warning: lean/VerificationChallenges/Summability.lean:218:8: declaration uses `sorry`
warning: lean/VerificationChallenges/Summability.lean:222:8: declaration uses `sorry`
warning: lean/VerificationChallenges/Summability.lean:224:8: declaration uses `sorry`
warning: lean/VerificationChallenges/Summability.lean:226:8: declaration uses `sorry`
warning: lean/VerificationChallenges/Summability.lean:229:8: declaration uses `sorry`
warning: lean/VerificationChallenges/Summability.lean:232:8: declaration uses `sorry`
warning: lean/VerificationChallenges/Summability.lean:236:8: declaration uses `sorry`
warning: lean/VerificationChallenges/Summability.lean:239:8: declaration uses `sorry`
Build completed successfully (8927 jobs).
Exporting #[Quot, Quot.mk, Quot.lift, Quot.ind, HigherCorrelations.dyadic_ratio_bounds, propext, Quot.sound, Classical.choice, Nat.add, Nat.sub, Nat.mul, Nat.pow, Nat.gcd, Nat.div, Nat.mod, Nat.beq, Nat.ble, Nat.land, Nat.lor, Nat.xor, Nat.shiftLeft, Nat.shiftRight, String.ofList, Char.ofNat, List, eagerReduce, Nat, String, String.mk, Char, optParam, autoParam, semiOutParam, outParam] from VerificationChallenges.Summability
Building VerificationChallenges.SummabilityUnfinished
warning: PrimeNumberTheoremAnd: repository '/home/stackcanary/riemann-hypothesis-research/.lake/packages/OAI/lean/.lake/packages/PrimeNumberTheoremAnd' has local changes
warning: belyi: repository '/home/stackcanary/riemann-hypothesis-research/.lake/packages/OAI/lean/.lake/packages/belyi' has local changes
warning: formal-schemes: repository '/home/stackcanary/riemann-hypothesis-research/.lake/packages/OAI/lean/.lake/packages/formal-schemes' has local changes
warning: elliptic-curves: repository '/home/stackcanary/riemann-hypothesis-research/.lake/packages/OAI/lean/.lake/packages/elliptic-curves' has local changes
warning: tempered-fundamental-groups: repository '/home/stackcanary/riemann-hypothesis-research/.lake/packages/OAI/lean/.lake/packages/tempered-fundamental-groups' has local changes
warning: oka: repository '/home/stackcanary/riemann-hypothesis-research/.lake/packages/OAI/lean/.lake/packages/oka' has local changes
warning: orbicurve-cores: repository '/home/stackcanary/riemann-hypothesis-research/.lake/packages/OAI/lean/.lake/packages/orbicurve-cores' has local changes
warning: pi1: repository '/home/stackcanary/riemann-hypothesis-research/.lake/packages/OAI/lean/.lake/packages/pi1' has local changes
warning: heights: repository '/home/stackcanary/riemann-hypothesis-research/.lake/packages/OAI/lean/.lake/packages/heights' has local changes
warning: genl: repository '/home/stackcanary/riemann-hypothesis-research/.lake/packages/OAI/lean/.lake/packages/genl' has local changes
warning: tate-curves-theta: repository '/home/stackcanary/riemann-hypothesis-research/.lake/packages/OAI/lean/.lake/packages/tate-curves-theta' has local changes
warning: iut: repository '/home/stackcanary/riemann-hypothesis-research/.lake/packages/OAI/lean/.lake/packages/iut' has local changes
warning: gromov: repository '/home/stackcanary/riemann-hypothesis-research/.lake/packages/OAI/lean/.lake/packages/gromov' has local changes
warning: SphereEversion: repository '/home/stackcanary/riemann-hypothesis-research/.lake/packages/OAI/lean/.lake/packages/SphereEversion' has local changes
warning: schoenflies-lean: repository '/home/stackcanary/riemann-hypothesis-research/.lake/packages/OAI/lean/.lake/packages/schoenflies-lean' has local changes
warning: ClassFieldTheory: repository '/home/stackcanary/riemann-hypothesis-research/.lake/packages/OAI/lean/.lake/packages/ClassFieldTheory' has local changes
warning: AINTLIB: repository '/home/stackcanary/riemann-hypothesis-research/.lake/packages/OAI/lean/.lake/packages/AINTLIB' has local changes
warning: AbsorptionCutoff: repository '/home/stackcanary/riemann-hypothesis-research/.lake/packages/OAI/lean/.lake/packages/AbsorptionCutoff' has local changes
warning: StrongPNT: repository '/home/stackcanary/riemann-hypothesis-research/.lake/packages/OAI/lean/.lake/packages/StrongPNT' has local changes
warning: carleson: repository '/home/stackcanary/riemann-hypothesis-research/.lake/packages/OAI/lean/.lake/packages/carleson' has local changes
warning: rellich-kondrachov: repository '/home/stackcanary/riemann-hypothesis-research/.lake/packages/OAI/lean/.lake/packages/rellich-kondrachov' has local changes
warning: Zeta3Irrational: repository '/home/stackcanary/riemann-hypothesis-research/.lake/packages/OAI/lean/.lake/packages/Zeta3Irrational' has local changes
warning: fixed-point-theorems: repository '/home/stackcanary/riemann-hypothesis-research/.lake/packages/OAI/lean/.lake/packages/fixed-point-theorems' has local changes
⚠ [8927/8927] Built VerificationChallenges.SummabilityUnfinished (3.6s)
warning: lean/VerificationChallenges/SummabilityUnfinished.lean:8:8: declaration uses `sorry`
Build completed successfully (8927 jobs).
Exporting #[Quot, Quot.mk, Quot.lift, Quot.ind, HigherCorrelations.dyadic_ratio_bounds, propext, Quot.sound, Classical.choice, Nat.add, Nat.sub, Nat.mul, Nat.pow, Nat.gcd, Nat.div, Nat.mod, Nat.beq, Nat.ble, Nat.land, Nat.lor, Nat.xor, Nat.shiftLeft, Nat.shiftRight, String.ofList, Char.ofNat, List, eagerReduce, Nat, String, String.mk, Char, optParam, autoParam, semiOutParam, outParam] from VerificationChallenges.SummabilityUnfinished
uncaught exception: Illegal axiom detected: 'sorryAx'
