test_absorption_preserves_peak_error (check_pair_asymptotic.PairAsymptoticAlgebra.test_absorption_preserves_peak_error) ... ok
test_each_error_scale_separately (check_pair_asymptotic.PairAsymptoticAlgebra.test_each_error_scale_separately) ... ok
test_main_terms_via_phi_and_c_t (check_pair_asymptotic.PairAsymptoticAlgebra.test_main_terms_via_phi_and_c_t) ... ok
test_power_substitution_including_closed_endpoints (check_pair_asymptotic.PairAsymptoticAlgebra.test_power_substitution_including_closed_endpoints) ... ok
test_signed_comparison_and_mean_errors (check_pair_asymptotic.PairAsymptoticAlgebra.test_signed_comparison_and_mean_errors) ... ok
test_domains_interval_translation_and_endpoints (check_pair_conventions.PairConventions.test_domains_interval_translation_and_endpoints) ... ok
test_exact_scale_phase_and_normalization_identities (check_pair_conventions.PairConventions.test_exact_scale_phase_and_normalization_identities) ... ok
test_kernel_support_values (check_pair_conventions.PairConventions.test_kernel_support_values) ... ok
test_reject_changed_conventions (check_pair_conventions.PairConventions.test_reject_changed_conventions) ... ok
test_reject_changed_height_and_bandwidth_conditions (check_pair_conventions.PairConventions.test_reject_changed_height_and_bandwidth_conditions) ... ok
test_reject_duplicate_json_keys_and_nonexact_numbers (check_pair_conventions.PairConventions.test_reject_duplicate_json_keys_and_nonexact_numbers) ... ok
test_reject_malformed_records_and_sources (check_pair_conventions.PairConventions.test_reject_malformed_records_and_sources) ... ok
test_restricted_parser (check_pair_conventions.PairConventions.test_restricted_parser) ... ok
test_table_sources_and_schema (check_pair_conventions.PairConventions.test_table_sources_and_schema) ... ok
test_modulus_majorants (check_pair_lemma1.LemmaOneAlgebra.test_modulus_majorants) ... ok
test_paired_resolvents (check_pair_lemma1.LemmaOneAlgebra.test_paired_resolvents) ... ok
test_pole_residue_sign (check_pair_lemma1.LemmaOneAlgebra.test_pole_residue_sign) ... ok
test_prime_power_endpoints (check_pair_lemma1.LemmaOneAlgebra.test_prime_power_endpoints) ... ok
test_prime_series_recombination (check_pair_lemma1.LemmaOneAlgebra.test_prime_series_recombination) ... ok
test_trivial_zero_pairing (check_pair_lemma1.LemmaOneAlgebra.test_trivial_zero_pairing) ... ok
test_x_equals_one (check_pair_lemma1.LemmaOneAlgebra.test_x_equals_one) ... ok
test_zero_denominator_and_rh_specialization (check_pair_lemma1.LemmaOneAlgebra.test_zero_denominator_and_rh_specialization) ... ok
test_coincident_pole (check_pair_lemma3.LemmaThreeAlgebra.test_coincident_pole) ... ok
test_contour_strip_poles (check_pair_lemma3.LemmaThreeAlgebra.test_contour_strip_poles) ... ok
test_exact_arithmetic (check_pair_lemma3.LemmaThreeAlgebra.test_exact_arithmetic) ... ok
test_fixture_symmetry_multiplicity_and_height_endpoint (check_pair_lemma3.LemmaThreeAlgebra.test_fixture_symmetry_multiplicity_and_height_endpoint) ... ok
test_full_reflection_reindexing (check_pair_lemma3.LemmaThreeAlgebra.test_full_reflection_reindexing) ... ok
test_pair_hermitian_symmetry (check_pair_lemma3.LemmaThreeAlgebra.test_pair_hermitian_symmetry) ... ok
test_reality_and_inversion (check_pair_lemma3.LemmaThreeAlgebra.test_reality_and_inversion) ... ok
test_reflection_does_not_preserve_index_diagonal (check_pair_lemma3.LemmaThreeAlgebra.test_reflection_does_not_preserve_index_diagonal) ... ok
test_rh_specialization_and_empty_sum (check_pair_lemma3.LemmaThreeAlgebra.test_rh_specialization_and_empty_sum) ... ok
test_shift_substitution_and_denominator (check_pair_lemma3.LemmaThreeAlgebra.test_shift_substitution_and_denominator) ... ok
test_simple_pole_residues_and_normalization (check_pair_lemma3.LemmaThreeAlgebra.test_simple_pole_residues_and_normalization) ... ok
test_denominator_and_far_tail_majorants (check_pair_lemma4.LemmaFourAlgebra.test_denominator_and_far_tail_majorants) ... ok
test_difference_of_squares_includes_quadratic_remainder (check_pair_lemma4.LemmaFourAlgebra.test_difference_of_squares_includes_quadratic_remainder) ... ok
test_finite_signed_error_decomposition (check_pair_lemma4.LemmaFourAlgebra.test_finite_signed_error_decomposition) ... ok
test_fixture_symmetry_and_cutoff_partition (check_pair_lemma4.LemmaFourAlgebra.test_fixture_symmetry_and_cutoff_partition) ... ok
test_horizontal_envelope_and_empty_case (check_pair_lemma4.LemmaFourAlgebra.test_horizontal_envelope_and_empty_case) ... ok
test_midpoint_to_inclusive_and_padded_interval (check_pair_lemma4.LemmaFourAlgebra.test_midpoint_to_inclusive_and_padded_interval) ... ok
test_pair_weight_bound_for_small_heights (check_pair_lemma4.LemmaFourAlgebra.test_pair_weight_bound_for_small_heights) ... ok
test_phase_removal_and_normalization (check_pair_lemma4.LemmaFourAlgebra.test_phase_removal_and_normalization) ... ok
test_rh_envelope_specialization (check_pair_lemma4.LemmaFourAlgebra.test_rh_envelope_specialization) ... ok
test_bandwidth_balance_squared_and_dyadic_tail (check_pair_prime_mean.PrimeMeanAlgebra.test_bandwidth_balance_squared_and_dyadic_tail) ... ok
test_complete_remainder_expansion_signs (check_pair_prime_mean.PrimeMeanAlgebra.test_complete_remainder_expansion_signs) ... ok
test_diagonal_integral_and_archimedean_antiderivative_algebra (check_pair_prime_mean.PrimeMeanAlgebra.test_diagonal_integral_and_archimedean_antiderivative_algebra) ... ok
test_diagonal_split_and_prime_power_cutoff (check_pair_prime_mean.PrimeMeanAlgebra.test_diagonal_split_and_prime_power_cutoff) ... ok
test_finite_fourier_diagonal_and_repeated_frequencies (check_pair_prime_mean.PrimeMeanAlgebra.test_finite_fourier_diagonal_and_repeated_frequencies) ... ok
test_kernel_mass_bandwidth_and_boundaries (check_pair_prime_mean.PrimeMeanAlgebra.test_kernel_mass_bandwidth_and_boundaries) ... ok
test_kernel_transform_by_independent_piecewise_integration (check_pair_prime_mean.PrimeMeanAlgebra.test_kernel_transform_by_independent_piecewise_integration) ... ok
test_near_pair_empty_cutoff_and_ordered_counts (check_pair_prime_mean.PrimeMeanAlgebra.test_near_pair_empty_cutoff_and_ordered_counts) ... ok
test_shifted_endpoint_kernel_fourier_phase (check_pair_prime_mean.PrimeMeanAlgebra.test_shifted_endpoint_kernel_fourier_phase) ... ok
test_singular_factor_divisor_expansion_and_average (check_pair_prime_mean.PrimeMeanAlgebra.test_singular_factor_divisor_expansion_and_average) ... ok
test_comparison_signs_and_absorption_ratios (check_pair_reproduction.PairReproduction.test_comparison_signs_and_absorption_ratios) ... ok
test_deterministic_artifacts_and_source_locators (check_pair_reproduction.PairReproduction.test_deterministic_artifacts_and_source_locators) ... ok
test_failed_audit_stops_artifact_generation (check_pair_reproduction.PairReproduction.test_failed_audit_stops_artifact_generation) ... ok
test_failed_subprocess_retains_log_and_status (check_pair_reproduction.PairReproduction.test_failed_subprocess_retains_log_and_status) ... ok
test_final_tex_diagnostics (check_pair_reproduction.PairReproduction.test_final_tex_diagnostics) ... ok
test_generated_main_and_each_error_against_independent_values (check_pair_reproduction.PairReproduction.test_generated_main_and_each_error_against_independent_values) ... ok
test_missing_tool_and_python_version_diagnostics (check_pair_reproduction.PairReproduction.test_missing_tool_and_python_version_diagnostics) ... ok
test_output_collision_and_source_directory_protection (check_pair_reproduction.PairReproduction.test_output_collision_and_source_directory_protection) ... ok
test_partial_run_and_failure_manifests (check_pair_reproduction.PairReproduction.test_partial_run_and_failure_manifests) ... ok
test_substitution_and_all_three_endpoints (check_pair_reproduction.PairReproduction.test_substitution_and_all_three_endpoints) ... ok
test_suite_summary_rejects_empty_failed_or_skipped_discovery (check_pair_reproduction.PairReproduction.test_suite_summary_rejects_empty_failed_or_skipped_discovery) ... ok
test_reject_duplicate_and_unknown_references (check_pair_rh_audit.PairRHAuditStructure.test_reject_duplicate_and_unknown_references) ... ok
test_reject_gap_overlap_and_unreviewed_tail (check_pair_rh_audit.PairRHAuditStructure.test_reject_gap_overlap_and_unreviewed_tail) ... ok
test_reject_missing_dependency_and_changed_assumption (check_pair_rh_audit.PairRHAuditStructure.test_reject_missing_dependency_and_changed_assumption) ... ok
test_reject_missing_imported_evidence (check_pair_rh_audit.PairRHAuditStructure.test_reject_missing_imported_evidence) ... ok
test_reject_stale_proof_and_ledger_bytes (check_pair_rh_audit.PairRHAuditStructure.test_reject_stale_proof_and_ledger_bytes) ... ok
test_reject_unresolved_and_unisolated_checks (check_pair_rh_audit.PairRHAuditStructure.test_reject_unresolved_and_unisolated_checks) ... ok
test_review_structure_and_freshness (check_pair_rh_audit.PairRHAuditStructure.test_review_structure_and_freshness) ... ok

----------------------------------------------------------------------
Ran 70 tests in 0.852s

OK
