warning: PrimeNumberTheoremAnd: repository '/home/stackcanary/riemann-hypothesis-research/.lake/packages/OAI/lean/.lake/packages/PrimeNumberTheoremAnd' has local changes
warning: belyi: repository '/home/stackcanary/riemann-hypothesis-research/.lake/packages/OAI/lean/.lake/packages/belyi' has local changes
warning: formal-schemes: repository '/home/stackcanary/riemann-hypothesis-research/.lake/packages/OAI/lean/.lake/packages/formal-schemes' has local changes
warning: elliptic-curves: repository '/home/stackcanary/riemann-hypothesis-research/.lake/packages/OAI/lean/.lake/packages/elliptic-curves' has local changes
warning: tempered-fundamental-groups: repository '/home/stackcanary/riemann-hypothesis-research/.lake/packages/OAI/lean/.lake/packages/tempered-fundamental-groups' has local changes
warning: oka: repository '/home/stackcanary/riemann-hypothesis-research/.lake/packages/OAI/lean/.lake/packages/oka' has local changes
warning: orbicurve-cores: repository '/home/stackcanary/riemann-hypothesis-research/.lake/packages/OAI/lean/.lake/packages/orbicurve-cores' has local changes
warning: pi1: repository '/home/stackcanary/riemann-hypothesis-research/.lake/packages/OAI/lean/.lake/packages/pi1' has local changes
warning: heights: repository '/home/stackcanary/riemann-hypothesis-research/.lake/packages/OAI/lean/.lake/packages/heights' has local changes
warning: genl: repository '/home/stackcanary/riemann-hypothesis-research/.lake/packages/OAI/lean/.lake/packages/genl' has local changes
warning: tate-curves-theta: repository '/home/stackcanary/riemann-hypothesis-research/.lake/packages/OAI/lean/.lake/packages/tate-curves-theta' has local changes
warning: iut: repository '/home/stackcanary/riemann-hypothesis-research/.lake/packages/OAI/lean/.lake/packages/iut' has local changes
warning: gromov: repository '/home/stackcanary/riemann-hypothesis-research/.lake/packages/OAI/lean/.lake/packages/gromov' has local changes
warning: SphereEversion: repository '/home/stackcanary/riemann-hypothesis-research/.lake/packages/OAI/lean/.lake/packages/SphereEversion' has local changes
warning: schoenflies-lean: repository '/home/stackcanary/riemann-hypothesis-research/.lake/packages/OAI/lean/.lake/packages/schoenflies-lean' has local changes
warning: ClassFieldTheory: repository '/home/stackcanary/riemann-hypothesis-research/.lake/packages/OAI/lean/.lake/packages/ClassFieldTheory' has local changes
warning: AINTLIB: repository '/home/stackcanary/riemann-hypothesis-research/.lake/packages/OAI/lean/.lake/packages/AINTLIB' has local changes
warning: AbsorptionCutoff: repository '/home/stackcanary/riemann-hypothesis-research/.lake/packages/OAI/lean/.lake/packages/AbsorptionCutoff' has local changes
warning: StrongPNT: repository '/home/stackcanary/riemann-hypothesis-research/.lake/packages/OAI/lean/.lake/packages/StrongPNT' has local changes
warning: carleson: repository '/home/stackcanary/riemann-hypothesis-research/.lake/packages/OAI/lean/.lake/packages/carleson' has local changes
warning: rellich-kondrachov: repository '/home/stackcanary/riemann-hypothesis-research/.lake/packages/OAI/lean/.lake/packages/rellich-kondrachov' has local changes
warning: Zeta3Irrational: repository '/home/stackcanary/riemann-hypothesis-research/.lake/packages/OAI/lean/.lake/packages/Zeta3Irrational' has local changes
warning: fixed-point-theorems: repository '/home/stackcanary/riemann-hypothesis-research/.lake/packages/OAI/lean/.lake/packages/fixed-point-theorems' has local changes
Building VerificationChallenges.HorizontalStrip
warning: PrimeNumberTheoremAnd: repository '/home/stackcanary/riemann-hypothesis-research/.lake/packages/OAI/lean/.lake/packages/PrimeNumberTheoremAnd' has local changes
warning: belyi: repository '/home/stackcanary/riemann-hypothesis-research/.lake/packages/OAI/lean/.lake/packages/belyi' has local changes
warning: formal-schemes: repository '/home/stackcanary/riemann-hypothesis-research/.lake/packages/OAI/lean/.lake/packages/formal-schemes' has local changes
warning: elliptic-curves: repository '/home/stackcanary/riemann-hypothesis-research/.lake/packages/OAI/lean/.lake/packages/elliptic-curves' has local changes
warning: tempered-fundamental-groups: repository '/home/stackcanary/riemann-hypothesis-research/.lake/packages/OAI/lean/.lake/packages/tempered-fundamental-groups' has local changes
warning: oka: repository '/home/stackcanary/riemann-hypothesis-research/.lake/packages/OAI/lean/.lake/packages/oka' has local changes
warning: orbicurve-cores: repository '/home/stackcanary/riemann-hypothesis-research/.lake/packages/OAI/lean/.lake/packages/orbicurve-cores' has local changes
warning: pi1: repository '/home/stackcanary/riemann-hypothesis-research/.lake/packages/OAI/lean/.lake/packages/pi1' has local changes
warning: heights: repository '/home/stackcanary/riemann-hypothesis-research/.lake/packages/OAI/lean/.lake/packages/heights' has local changes
warning: genl: repository '/home/stackcanary/riemann-hypothesis-research/.lake/packages/OAI/lean/.lake/packages/genl' has local changes
warning: tate-curves-theta: repository '/home/stackcanary/riemann-hypothesis-research/.lake/packages/OAI/lean/.lake/packages/tate-curves-theta' has local changes
warning: iut: repository '/home/stackcanary/riemann-hypothesis-research/.lake/packages/OAI/lean/.lake/packages/iut' has local changes
warning: gromov: repository '/home/stackcanary/riemann-hypothesis-research/.lake/packages/OAI/lean/.lake/packages/gromov' has local changes
warning: SphereEversion: repository '/home/stackcanary/riemann-hypothesis-research/.lake/packages/OAI/lean/.lake/packages/SphereEversion' has local changes
warning: schoenflies-lean: repository '/home/stackcanary/riemann-hypothesis-research/.lake/packages/OAI/lean/.lake/packages/schoenflies-lean' has local changes
warning: ClassFieldTheory: repository '/home/stackcanary/riemann-hypothesis-research/.lake/packages/OAI/lean/.lake/packages/ClassFieldTheory' has local changes
warning: AINTLIB: repository '/home/stackcanary/riemann-hypothesis-research/.lake/packages/OAI/lean/.lake/packages/AINTLIB' has local changes
warning: AbsorptionCutoff: repository '/home/stackcanary/riemann-hypothesis-research/.lake/packages/OAI/lean/.lake/packages/AbsorptionCutoff' has local changes
warning: StrongPNT: repository '/home/stackcanary/riemann-hypothesis-research/.lake/packages/OAI/lean/.lake/packages/StrongPNT' has local changes
warning: carleson: repository '/home/stackcanary/riemann-hypothesis-research/.lake/packages/OAI/lean/.lake/packages/carleson' has local changes
warning: rellich-kondrachov: repository '/home/stackcanary/riemann-hypothesis-research/.lake/packages/OAI/lean/.lake/packages/rellich-kondrachov' has local changes
warning: Zeta3Irrational: repository '/home/stackcanary/riemann-hypothesis-research/.lake/packages/OAI/lean/.lake/packages/Zeta3Irrational' has local changes
warning: fixed-point-theorems: repository '/home/stackcanary/riemann-hypothesis-research/.lake/packages/OAI/lean/.lake/packages/fixed-point-theorems' has local changes
⚠ [3205/3205] Replayed VerificationChallenges.HorizontalStrip
warning: lean/VerificationChallenges/HorizontalStrip.lean:8:8: declaration uses `sorry`
warning: lean/VerificationChallenges/HorizontalStrip.lean:11:8: declaration uses `sorry`
warning: lean/VerificationChallenges/HorizontalStrip.lean:14:8: declaration uses `sorry`
warning: lean/VerificationChallenges/HorizontalStrip.lean:17:8: declaration uses `sorry`
warning: lean/VerificationChallenges/HorizontalStrip.lean:20:8: declaration uses `sorry`
warning: lean/VerificationChallenges/HorizontalStrip.lean:23:8: declaration uses `sorry`
Build completed successfully (3205 jobs).
Exporting #[Quot, Quot.mk, Quot.lift, Quot.ind, HigherCorrelations.zeta_ne_zero_right, propext, Quot.sound, Classical.choice, Nat.add, Nat.sub, Nat.mul, Nat.pow, Nat.gcd, Nat.div, Nat.mod, Nat.beq, Nat.ble, Nat.land, Nat.lor, Nat.xor, Nat.shiftLeft, Nat.shiftRight, String.ofList, Char.ofNat, List, eagerReduce, Nat, String, String.mk, Char, optParam, autoParam, semiOutParam, outParam] from VerificationChallenges.HorizontalStrip
Building VerificationChallenges.Unfinished
warning: PrimeNumberTheoremAnd: repository '/home/stackcanary/riemann-hypothesis-research/.lake/packages/OAI/lean/.lake/packages/PrimeNumberTheoremAnd' has local changes
warning: belyi: repository '/home/stackcanary/riemann-hypothesis-research/.lake/packages/OAI/lean/.lake/packages/belyi' has local changes
warning: formal-schemes: repository '/home/stackcanary/riemann-hypothesis-research/.lake/packages/OAI/lean/.lake/packages/formal-schemes' has local changes
warning: elliptic-curves: repository '/home/stackcanary/riemann-hypothesis-research/.lake/packages/OAI/lean/.lake/packages/elliptic-curves' has local changes
warning: tempered-fundamental-groups: repository '/home/stackcanary/riemann-hypothesis-research/.lake/packages/OAI/lean/.lake/packages/tempered-fundamental-groups' has local changes
warning: oka: repository '/home/stackcanary/riemann-hypothesis-research/.lake/packages/OAI/lean/.lake/packages/oka' has local changes
warning: orbicurve-cores: repository '/home/stackcanary/riemann-hypothesis-research/.lake/packages/OAI/lean/.lake/packages/orbicurve-cores' has local changes
warning: pi1: repository '/home/stackcanary/riemann-hypothesis-research/.lake/packages/OAI/lean/.lake/packages/pi1' has local changes
warning: heights: repository '/home/stackcanary/riemann-hypothesis-research/.lake/packages/OAI/lean/.lake/packages/heights' has local changes
warning: genl: repository '/home/stackcanary/riemann-hypothesis-research/.lake/packages/OAI/lean/.lake/packages/genl' has local changes
warning: tate-curves-theta: repository '/home/stackcanary/riemann-hypothesis-research/.lake/packages/OAI/lean/.lake/packages/tate-curves-theta' has local changes
warning: iut: repository '/home/stackcanary/riemann-hypothesis-research/.lake/packages/OAI/lean/.lake/packages/iut' has local changes
warning: gromov: repository '/home/stackcanary/riemann-hypothesis-research/.lake/packages/OAI/lean/.lake/packages/gromov' has local changes
warning: SphereEversion: repository '/home/stackcanary/riemann-hypothesis-research/.lake/packages/OAI/lean/.lake/packages/SphereEversion' has local changes
warning: schoenflies-lean: repository '/home/stackcanary/riemann-hypothesis-research/.lake/packages/OAI/lean/.lake/packages/schoenflies-lean' has local changes
warning: ClassFieldTheory: repository '/home/stackcanary/riemann-hypothesis-research/.lake/packages/OAI/lean/.lake/packages/ClassFieldTheory' has local changes
warning: AINTLIB: repository '/home/stackcanary/riemann-hypothesis-research/.lake/packages/OAI/lean/.lake/packages/AINTLIB' has local changes
warning: AbsorptionCutoff: repository '/home/stackcanary/riemann-hypothesis-research/.lake/packages/OAI/lean/.lake/packages/AbsorptionCutoff' has local changes
warning: StrongPNT: repository '/home/stackcanary/riemann-hypothesis-research/.lake/packages/OAI/lean/.lake/packages/StrongPNT' has local changes
warning: carleson: repository '/home/stackcanary/riemann-hypothesis-research/.lake/packages/OAI/lean/.lake/packages/carleson' has local changes
warning: rellich-kondrachov: repository '/home/stackcanary/riemann-hypothesis-research/.lake/packages/OAI/lean/.lake/packages/rellich-kondrachov' has local changes
warning: Zeta3Irrational: repository '/home/stackcanary/riemann-hypothesis-research/.lake/packages/OAI/lean/.lake/packages/Zeta3Irrational' has local changes
warning: fixed-point-theorems: repository '/home/stackcanary/riemann-hypothesis-research/.lake/packages/OAI/lean/.lake/packages/fixed-point-theorems' has local changes
⚠ [3205/3205] Built VerificationChallenges.Unfinished (1.0s)
warning: lean/VerificationChallenges/Unfinished.lean:5:8: declaration uses `sorry`
Build completed successfully (3205 jobs).
Exporting #[Quot, Quot.mk, Quot.lift, Quot.ind, HigherCorrelations.zeta_ne_zero_right, propext, Quot.sound, Classical.choice, Nat.add, Nat.sub, Nat.mul, Nat.pow, Nat.gcd, Nat.div, Nat.mod, Nat.beq, Nat.ble, Nat.land, Nat.lor, Nat.xor, Nat.shiftLeft, Nat.shiftRight, String.ofList, Char.ofNat, List, eagerReduce, Nat, String, String.mk, Char, optParam, autoParam, semiOutParam, outParam] from VerificationChallenges.Unfinished
uncaught exception: Illegal axiom detected: 'sorryAx'
