info: toolchain not updated; already up-to-date
warning: PrimeNumberTheoremAnd: repository '/home/stackcanary/riemann-hypothesis-research/.lake/packages/OAI/lean/.lake/packages/PrimeNumberTheoremAnd' has local changes
warning: belyi: repository '/home/stackcanary/riemann-hypothesis-research/.lake/packages/OAI/lean/.lake/packages/belyi' has local changes
warning: formal-schemes: repository '/home/stackcanary/riemann-hypothesis-research/.lake/packages/OAI/lean/.lake/packages/formal-schemes' has local changes
warning: elliptic-curves: repository '/home/stackcanary/riemann-hypothesis-research/.lake/packages/OAI/lean/.lake/packages/elliptic-curves' has local changes
warning: tempered-fundamental-groups: repository '/home/stackcanary/riemann-hypothesis-research/.lake/packages/OAI/lean/.lake/packages/tempered-fundamental-groups' has local changes
warning: oka: repository '/home/stackcanary/riemann-hypothesis-research/.lake/packages/OAI/lean/.lake/packages/oka' has local changes
warning: orbicurve-cores: repository '/home/stackcanary/riemann-hypothesis-research/.lake/packages/OAI/lean/.lake/packages/orbicurve-cores' has local changes
warning: pi1: repository '/home/stackcanary/riemann-hypothesis-research/.lake/packages/OAI/lean/.lake/packages/pi1' has local changes
warning: heights: repository '/home/stackcanary/riemann-hypothesis-research/.lake/packages/OAI/lean/.lake/packages/heights' has local changes
warning: genl: repository '/home/stackcanary/riemann-hypothesis-research/.lake/packages/OAI/lean/.lake/packages/genl' has local changes
warning: tate-curves-theta: repository '/home/stackcanary/riemann-hypothesis-research/.lake/packages/OAI/lean/.lake/packages/tate-curves-theta' has local changes
warning: iut: repository '/home/stackcanary/riemann-hypothesis-research/.lake/packages/OAI/lean/.lake/packages/iut' has local changes
warning: gromov: repository '/home/stackcanary/riemann-hypothesis-research/.lake/packages/OAI/lean/.lake/packages/gromov' has local changes
warning: SphereEversion: repository '/home/stackcanary/riemann-hypothesis-research/.lake/packages/OAI/lean/.lake/packages/SphereEversion' has local changes
warning: schoenflies-lean: repository '/home/stackcanary/riemann-hypothesis-research/.lake/packages/OAI/lean/.lake/packages/schoenflies-lean' has local changes
warning: ClassFieldTheory: repository '/home/stackcanary/riemann-hypothesis-research/.lake/packages/OAI/lean/.lake/packages/ClassFieldTheory' has local changes
warning: AINTLIB: repository '/home/stackcanary/riemann-hypothesis-research/.lake/packages/OAI/lean/.lake/packages/AINTLIB' has local changes
warning: AbsorptionCutoff: repository '/home/stackcanary/riemann-hypothesis-research/.lake/packages/OAI/lean/.lake/packages/AbsorptionCutoff' has local changes
warning: StrongPNT: repository '/home/stackcanary/riemann-hypothesis-research/.lake/packages/OAI/lean/.lake/packages/StrongPNT' has local changes
warning: carleson: repository '/home/stackcanary/riemann-hypothesis-research/.lake/packages/OAI/lean/.lake/packages/carleson' has local changes
warning: rellich-kondrachov: repository '/home/stackcanary/riemann-hypothesis-research/.lake/packages/OAI/lean/.lake/packages/rellich-kondrachov' has local changes
warning: Zeta3Irrational: repository '/home/stackcanary/riemann-hypothesis-research/.lake/packages/OAI/lean/.lake/packages/Zeta3Irrational' has local changes
warning: fixed-point-theorems: repository '/home/stackcanary/riemann-hypothesis-research/.lake/packages/OAI/lean/.lake/packages/fixed-point-theorems' has local changes
info: OAI: running post-update hooks
info: iut: compatibility patch verified after dependency resolution
info: tate-curves-theta: compatibility patch verified after dependency resolution
info: genl: compatibility patch verified after dependency resolution
info: heights: compatibility patch verified after dependency resolution
info: pi1: compatibility patch verified after dependency resolution
info: orbicurve-cores: compatibility patch verified after dependency resolution
info: oka: compatibility patch verified after dependency resolution
info: tempered-fundamental-groups: compatibility patch verified after dependency resolution
info: elliptic-curves: compatibility patch verified after dependency resolution
info: formal-schemes: compatibility patch verified after dependency resolution
info: belyi: compatibility patch verified after dependency resolution
info: fixed-point-theorems: compatibility patch already applied: fixed-point-theorems-lean4341.patch
info: PrimeNumberTheoremAnd: compatibility patch already applied: PrimeNumberTheoremAnd-lean4341.patch
info: Zeta3Irrational: compatibility patch already applied: Zeta3Irrational-lean4341.patch
info: rellich-kondrachov: compatibility patch already applied: rellich-kondrachov-lean4341.patch
info: carleson: compatibility patch already applied: carleson-lean4341.patch
info: StrongPNT: compatibility patch already applied: StrongPNT-lean4341.patch
info: AbsorptionCutoff: compatibility patch already applied: AbsorptionCutoff-lean4341.patch
info: AINTLIB: compatibility patch already applied: AINTLIB-lean4341.patch
info: ClassFieldTheory: compatibility patch already applied: ClassFieldTheory-lean4341.patch
info: schoenflies-lean: compatibility patch already applied: schoenflies-lean-lean4341.patch
info: SphereEversion: compatibility patch already applied: SphereEversion-lean4341.patch
info: gromov: compatibility patch already applied: gromov-lean4341.patch
info: mathlib: running post-update hooks
Current branch: HEAD
Using cache from origin: (some leanprover-community/mathlib4)
No files to download
Already decompressed 8908 file(s)
