test_all_component_refinements_and_pole_split (check_triple_boundary.TripleBoundaryChecks.test_all_component_refinements_and_pole_split) ... ok
test_axis_phases_full_zero_shifts_and_new_normalization (check_triple_boundary.TripleBoundaryChecks.test_axis_phases_full_zero_shifts_and_new_normalization) ... ok
test_axis_substitution_and_trace_coefficient (check_triple_boundary.TripleBoundaryChecks.test_axis_substitution_and_trace_coefficient) ... ok
test_claims_links_and_boundary_conventions (check_triple_boundary.TripleBoundaryChecks.test_claims_links_and_boundary_conventions) ... ok
test_closed_quadrant_range_and_offdiagonal_exponents (check_triple_boundary.TripleBoundaryChecks.test_closed_quadrant_range_and_offdiagonal_exponents) ... ok
test_moments_by_antiderivative_and_boundary_value (check_triple_boundary.TripleBoundaryChecks.test_moments_by_antiderivative_and_boundary_value) ... ok
test_nineteen_words_and_decay_directions (check_triple_boundary.TripleBoundaryChecks.test_nineteen_words_and_decay_directions) ... ok
test_origin_axis_and_interior_functionals_and_exchange (check_triple_boundary.TripleBoundaryChecks.test_origin_axis_and_interior_functionals_and_exchange) ... ok
test_origin_jacobian_and_first_moments (check_triple_boundary.TripleBoundaryChecks.test_origin_jacobian_and_first_moments) ... ok
test_current_graph_and_document (check_triple_dependencies.TripleDependencyChecks.test_current_graph_and_document) ... ok
test_reject_changed_mermaid_inventory_and_links (check_triple_dependencies.TripleDependencyChecks.test_reject_changed_mermaid_inventory_and_links) ... ok
test_reject_changed_support_metadata_and_false_audit_coverage (check_triple_dependencies.TripleDependencyChecks.test_reject_changed_support_metadata_and_false_audit_coverage) ... ok
test_reject_missing_extra_and_duplicate_edges_and_nodes (check_triple_dependencies.TripleDependencyChecks.test_reject_missing_extra_and_duplicate_edges_and_nodes) ... ok
test_reject_missing_proof_label (check_triple_dependencies.TripleDependencyChecks.test_reject_missing_proof_label) ... ok
test_unknown_dependencies_cycles_and_duplicate_ids (check_triple_dependencies.TripleDependencyChecks.test_unknown_dependencies_cycles_and_duplicate_ids) ... ok
test_unknown_upstream_fields_and_closure_boundaries (check_triple_dependencies.TripleDependencyChecks.test_unknown_upstream_fields_and_closure_boundaries) ... ok
test_claims_labels_links_and_assumption_separation (check_triple_kernel.TripleKernelChecks.test_claims_labels_links_and_assumption_separation) ... ok
test_collisions_horizontal_endpoints_and_denominator_gap (check_triple_kernel.TripleKernelChecks.test_collisions_horizontal_endpoints_and_denominator_gap) ... ok
test_critical_formula_and_microscopic_taylor_coefficients (check_triple_kernel.TripleKernelChecks.test_critical_formula_and_microscopic_taylor_coefficients) ... ok
test_disjoint_error_regions_and_endpoint_priority (check_triple_kernel.TripleKernelChecks.test_disjoint_error_regions_and_endpoint_priority) ... ok
test_dyadic_tail_moments (check_triple_kernel.TripleKernelChecks.test_dyadic_tail_moments) ... ok
test_generic_residues_against_closed_form (check_triple_kernel.TripleKernelChecks.test_generic_residues_against_closed_form) ... ok
test_normalization_and_support_transfer (check_triple_kernel.TripleKernelChecks.test_normalization_and_support_transfer) ... ok
test_residue_cancellation_as_exact_polynomial_identity (check_triple_kernel.TripleKernelChecks.test_residue_cancellation_as_exact_polynomial_identity) ... ok
test_symmetries_and_repeated_full_zero_tuples (check_triple_kernel.TripleKernelChecks.test_symmetries_and_repeated_full_zero_tuples) ... ok
test_two_factor_integral_and_tuplewise_constant (check_triple_kernel.TripleKernelChecks.test_two_factor_integral_and_tuplewise_constant) ... ok
test_zero_gap_horizontal_profile_and_nonconstant_example (check_triple_kernel.TripleKernelChecks.test_zero_gap_horizontal_profile_and_nonconstant_example) ... ok
test_assembled_observable_normalization_and_additive_errors (check_triple_main_term.TripleMainTermChecks.test_assembled_observable_normalization_and_additive_errors) ... ok
test_assembled_theorem_metadata_and_links (check_triple_main_term.TripleMainTermChecks.test_assembled_theorem_metadata_and_links) ... ok
test_claims_provenance_labels_and_links (check_triple_main_term.TripleMainTermChecks.test_claims_provenance_labels_and_links) ... ok
test_complex_bilinear_central_inversion (check_triple_main_term.TripleMainTermChecks.test_complex_bilinear_central_inversion) ... ok
test_determinant_by_permutations (check_triple_main_term.TripleMainTermChecks.test_determinant_by_permutations) ... ok
test_finite_height_normalization_not_its_limit (check_triple_main_term.TripleMainTermChecks.test_finite_height_normalization_not_its_limit) ... ok
test_five_occurrence_partitions_without_simplicity (check_triple_main_term.TripleMainTermChecks.test_five_occurrence_partitions_without_simplicity) ... ok
test_line_pushforwards_and_anchor_phase (check_triple_main_term.TripleMainTermChecks.test_line_pushforwards_and_anchor_phase) ... ok
test_partition_fourier_coefficients_and_cumulant_subtraction (check_triple_main_term.TripleMainTermChecks.test_partition_fourier_coefficients_and_cumulant_subtraction) ... ok
test_six_sectors_support_mapping_and_outside_witness (check_triple_main_term.TripleMainTermChecks.test_six_sectors_support_mapping_and_outside_witness) ... ok
test_triangle_and_triple_interval_endpoints (check_triple_main_term.TripleMainTermChecks.test_triangle_and_triple_interval_endpoints) ... ok
test_27_term_product_and_four_remainder_refinements (check_triple_master.TripleMasterChecks.test_27_term_product_and_four_remainder_refinements) ... ok
test_denominator_majorant_exact_squared_form (check_triple_master.TripleMasterChecks.test_denominator_majorant_exact_squared_form) ... ok
test_documented_words_signs_and_third_conjugation (check_triple_master.TripleMasterChecks.test_documented_words_signs_and_third_conjugation) ... ok
test_five_index_patterns_weighted_partition (check_triple_master.TripleMasterChecks.test_five_index_patterns_weighted_partition) ... ok
test_fourier_frequency_sign_and_units (check_triple_master.TripleMasterChecks.test_fourier_frequency_sign_and_units) ... ok
test_ledger_source_and_dependency_graph (check_triple_master.TripleMasterChecks.test_ledger_source_and_dependency_graph) ... ok
test_occurrences_are_not_complex_zeros_or_ordinates (check_triple_master.TripleMasterChecks.test_occurrences_are_not_complex_zeros_or_ordinates) ... ok
test_pair_form_with_constant_second_input (check_triple_master.TripleMasterChecks.test_pair_form_with_constant_second_input) ... ok
test_prime_power_resonance_classification (check_triple_master.TripleMasterChecks.test_prime_power_resonance_classification) ... ok
test_swap_and_horizontal_reflection (check_triple_master.TripleMasterChecks.test_swap_and_horizontal_reflection) ... ok
test_zero_product_phase_cancellation_and_factor_eight (check_triple_master.TripleMasterChecks.test_zero_product_phase_cancellation_and_factor_eight) ... ok
test_comparable_far_partition_and_ratio_boundaries (check_triple_offdiag.TripleOffDiagonalChecks.test_comparable_far_partition_and_ratio_boundaries) ... ok
test_dyadic_partition_count_weight_and_log_argument_bounds (check_triple_offdiag.TripleOffDiagonalChecks.test_dyadic_partition_count_weight_and_log_argument_bounds) ... ok
test_formal_divisor_identity_and_convolution_envelope (check_triple_offdiag.TripleOffDiagonalChecks.test_formal_divisor_identity_and_convolution_envelope) ... ok
test_growing_range_exponents_at_all_vertices (check_triple_offdiag.TripleOffDiagonalChecks.test_growing_range_exponents_at_all_vertices) ... ok
test_harmonic_rows_columns_and_pair_cauchy_schwarz (check_triple_offdiag.TripleOffDiagonalChecks.test_harmonic_rows_columns_and_pair_cauchy_schwarz) ... ok
test_ledger_sources_and_preserved_claim_scope (check_triple_offdiag.TripleOffDiagonalChecks.test_ledger_sources_and_preserved_claim_scope) ... ok
test_mixed_prefactors_and_fourier_conjugation (check_triple_offdiag.TripleOffDiagonalChecks.test_mixed_prefactors_and_fourier_conjugation) ... ok
test_multiplicative_weight_inequality_and_endpoints (check_triple_offdiag.TripleOffDiagonalChecks.test_multiplicative_weight_inequality_and_endpoints) ... ok
test_product_frequencies_group_without_losing_factorizations (check_triple_offdiag.TripleOffDiagonalChecks.test_product_frequencies_group_without_losing_factorizations) ... ok
test_remainder_word_counts_and_global_log_losses (check_triple_offdiag.TripleOffDiagonalChecks.test_remainder_word_counts_and_global_log_losses) ... ok
test_boundary_masses_and_sector_incidence (check_triple_reproduction.TripleReproductionChecks.test_boundary_masses_and_sector_incidence) ... ok
test_determinism_and_source_locators (check_triple_reproduction.TripleReproductionChecks.test_determinism_and_source_locators) ... ok
test_each_named_error_and_exact_scaling (check_triple_reproduction.TripleReproductionChecks.test_each_named_error_and_exact_scaling) ... ok
test_environment_failures_and_dirty_tree (check_triple_reproduction.TripleReproductionChecks.test_environment_failures_and_dirty_tree) ... ok
test_failed_audit_prevents_artifacts (check_triple_reproduction.TripleReproductionChecks.test_failed_audit_prevents_artifacts) ... ok
test_failed_subprocess_log (check_triple_reproduction.TripleReproductionChecks.test_failed_subprocess_log) ... ok
test_normalization_and_finite_height_specialization (check_triple_reproduction.TripleReproductionChecks.test_normalization_and_finite_height_specialization) ... ok
test_output_protection (check_triple_reproduction.TripleReproductionChecks.test_output_protection) ... ok
test_partial_manifest_and_output_hashes (check_triple_reproduction.TripleReproductionChecks.test_partial_manifest_and_output_hashes) ... ok
test_partitions_and_fourier_reconstruction (check_triple_reproduction.TripleReproductionChecks.test_partitions_and_fourier_reconstruction) ... ok
test_pdf_diagnostics_and_process_failure (check_triple_reproduction.TripleReproductionChecks.test_pdf_diagnostics_and_process_failure) ... ok
test_source_changes_reject_success (check_triple_reproduction.TripleReproductionChecks.test_source_changes_reject_success) ... ok
test_test_discovery_failures (check_triple_reproduction.TripleReproductionChecks.test_test_discovery_failures) ... ok
test_authored_review_coverage_and_freshness (check_triple_rh_audit.TripleRHAuditChecks.test_authored_review_coverage_and_freshness) ... ok
test_reject_false_coverage_unknown_references_and_duplicate_json (check_triple_rh_audit.TripleRHAuditChecks.test_reject_false_coverage_unknown_references_and_duplicate_json) ... ok
test_reject_gaps_overlaps_and_missing_tail (check_triple_rh_audit.TripleRHAuditChecks.test_reject_gaps_overlaps_and_missing_tail) ... ok
test_reject_lost_support_and_conditional_misclassification (check_triple_rh_audit.TripleRHAuditChecks.test_reject_lost_support_and_conditional_misclassification) ... ok
test_reject_missing_claim_evidence_and_duplicate_passage (check_triple_rh_audit.TripleRHAuditChecks.test_reject_missing_claim_evidence_and_duplicate_passage) ... ok
test_reject_stale_proof_ledger_graph_and_supplement (check_triple_rh_audit.TripleRHAuditChecks.test_reject_stale_proof_ledger_graph_and_supplement) ... ok
test_unresolved_records_are_preserved_but_cannot_pass_clean_check (check_triple_rh_audit.TripleRHAuditChecks.test_unresolved_records_are_preserved_but_cannot_pass_clean_check) ... ok
test_claims_sources_and_support_conventions (check_triple_signed_sectors.SignedSectorChecks.test_claims_sources_and_support_conventions) ... ok
test_collected_anchor_majorant_and_chain_rule (check_triple_signed_sectors.SignedSectorChecks.test_collected_anchor_majorant_and_chain_rule) ... ok
test_complex_negative_sector_test_conjugation (check_triple_signed_sectors.SignedSectorChecks.test_complex_negative_sector_test_conjugation) ... ok
test_crossing_and_interior_support_fixtures (check_triple_signed_sectors.SignedSectorChecks.test_crossing_and_interior_support_fixtures) ... ok
test_extended_master_at_bases_below_one (check_triple_signed_sectors.SignedSectorChecks.test_extended_master_at_bases_below_one) ... ok
test_geometry_coverage_support_and_seams (check_triple_signed_sectors.SignedSectorChecks.test_geometry_coverage_support_and_seams) ... ok
test_origin_and_line_functional_on_complex_polynomial_traces (check_triple_signed_sectors.SignedSectorChecks.test_origin_and_line_functional_on_complex_polynomial_traces) ... ok
test_reciprocal_reflection_with_full_zero_occurrences (check_triple_signed_sectors.SignedSectorChecks.test_reciprocal_reflection_with_full_zero_occurrences) ... ok
test_signed_observable_identities_and_seam_reality (check_triple_signed_sectors.SignedSectorChecks.test_signed_observable_identities_and_seam_reality) ... ok
test_table_rejects_wrong_maps_flags_coefficients_and_endpoints (check_triple_signed_sectors.SignedSectorChecks.test_table_rejects_wrong_maps_flags_coefficients_and_endpoints) ... ok
test_complex_arguments_anchor_and_factor_eight (check_triple_test_functions.TripleTestFunctionChecks.test_complex_arguments_anchor_and_factor_eight) ... ok
test_exact_spacing_margin_transfer_and_support_example (check_triple_test_functions.TripleTestFunctionChecks.test_exact_spacing_margin_transfer_and_support_example) ... ok
test_mixed_weight_joins_and_symmetry (check_triple_test_functions.TripleTestFunctionChecks.test_mixed_weight_joins_and_symmetry) ... ok
test_new_claims_labels_links_and_support_declaration (check_triple_test_functions.TripleTestFunctionChecks.test_new_claims_labels_links_and_support_declaration) ... ok
test_prime_power_resonance_envelope_with_ordered_factors (check_triple_test_functions.TripleTestFunctionChecks.test_prime_power_resonance_envelope_with_ordered_factors) ... ok
test_resonance_dyadic_split_and_weights (check_triple_test_functions.TripleTestFunctionChecks.test_resonance_dyadic_split_and_weights) ... ok
test_retained_vanishing_exponents (check_triple_test_functions.TripleTestFunctionChecks.test_retained_vanishing_exponents) ... ok
test_signed_retained_evaluation_and_J_error (check_triple_test_functions.TripleTestFunctionChecks.test_signed_retained_evaluation_and_J_error) ... ok
test_three_antiderivatives_and_mixed_integral (check_triple_test_functions.TripleTestFunctionChecks.test_three_antiderivatives_and_mixed_integral) ... ok
test_208_components_are_a_disjoint_partition (check_triple_uniform.TripleUniformChecks.test_208_components_are_a_disjoint_partition) ... ok
test_archcube_and_geometric_constants_algebra (check_triple_uniform.TripleUniformChecks.test_archcube_and_geometric_constants_algebra) ... ok
test_complete_budget_table_and_ordered_bound_assignments (check_triple_uniform.TripleUniformChecks.test_complete_budget_table_and_ordered_bound_assignments) ... ok
test_component_bounds_use_correct_norms (check_triple_uniform.TripleUniformChecks.test_component_bounds_use_correct_norms) ... ok
test_cubic_three_sup_norm_choices (check_triple_uniform.TripleUniformChecks.test_cubic_three_sup_norm_choices) ... ok
test_ledger_source_and_budget_links (check_triple_uniform.TripleUniformChecks.test_ledger_source_and_budget_links) ... ok
test_mixed_prime_diagonals_and_frequency_orientation (check_triple_uniform.TripleUniformChecks.test_mixed_prime_diagonals_and_frequency_orientation) ... ok
test_norm_branch_endpoints_and_probability_normalization (check_triple_uniform.TripleUniformChecks.test_norm_branch_endpoints_and_probability_normalization) ... ok
test_refined_errors_equal_signed_aggregates (check_triple_uniform.TripleUniformChecks.test_refined_errors_equal_signed_aggregates) ... ok
test_remainder_endpoint_and_oscillatory_scales (check_triple_uniform.TripleUniformChecks.test_remainder_endpoint_and_oscillatory_scales) ... ok
test_signed_retained_expression_reconstructs_direct_product (check_triple_uniform.TripleUniformChecks.test_signed_retained_expression_reconstructs_direct_product) ... ok

----------------------------------------------------------------------
Ran 109 tests in 1.540s

OK
